BL51 BANKED LINKER/LOCATER V6.22.4.0                                                    08/29/2024  12:06:30  PAGE 1


BL51 BANKED LINKER/LOCATER V6.22.4.0, INVOKED BY:
D:\KEIL_V5\C51\BIN\BL51.EXE .\Objects\App_Bluetooth.obj, .\Objects\App_Ultrasonic.obj, .\Objects\App_Tracker.obj, .\Obje
>> cts\App_Battery.obj, .\Objects\Light.obj, .\Objects\Key.obj, .\Objects\Battery.obj, .\Objects\Ultrasonic.obj, .\Objec
>> ts\Motors.obj, .\Objects\Tracker.obj, .\Objects\Buzzer.obj, .\Objects\main.obj, .\Objects\UART.obj, .\Objects\UART_Is
>> r.obj, .\Objects\Delay.obj, .\Objects\GPIO.obj, .\Objects\NVIC.obj, .\Objects\ADC.obj, .\Objects\ADC_Isr.obj, .\Objec
>> ts\STC8H_PWM.obj, .\Objects\Conf_tny.obj, .\OS\RTX51TNY.LIB TO .\Objects\Project RTX51TINY PRINT (.\Listings\Project.
>> m51) RAMSIZE (256) DISABLEWARNING (16, 15)


MEMORY MODEL: LARGE WITH FLOATING POINT ARITHMETIC


INPUT MODULES INCLUDED:
  .\Objects\App_Bluetooth.obj (APP_BLUETOOTH)
  .\Objects\App_Ultrasonic.obj (APP_ULTRASONIC)
  .\Objects\App_Tracker.obj (APP_TRACKER)
  .\Objects\App_Battery.obj (APP_BATTERY)
  .\Objects\Light.obj (LIGHT)
  .\Objects\Key.obj (KEY)
  .\Objects\Battery.obj (BATTERY)
  .\Objects\Ultrasonic.obj (ULTRASONIC)
  .\Objects\Motors.obj (MOTORS)
  .\Objects\Tracker.obj (TRACKER)
  .\Objects\Buzzer.obj (BUZZER)
  .\Objects\main.obj (MAIN)
  .\Objects\UART.obj (UART)
  .\Objects\UART_Isr.obj (UART_ISR)
  .\Objects\Delay.obj (DELAY)
  .\Objects\GPIO.obj (GPIO)
  .\Objects\NVIC.obj (NVIC)
  .\Objects\ADC.obj (ADC)
  .\Objects\ADC_Isr.obj (ADC_ISR)
  .\Objects\STC8H_PWM.obj (STC8H_PWM)
  .\Objects\Conf_tny.obj (?RTX51_TINY_KERNAL)
  .\OS\RTX51TNY.LIB (?RTX51_TINY_OS_CREATE)
  .\OS\RTX51TNY.LIB (?RTX51_TINY_OS_DELETE)
  .\OS\RTX51TNY.LIB (?RTX51_TINY_OS_WAIT)
  D:\KEIL_V5\C51\LIB\C51FPL.LIB (?C?FPADD)
  D:\KEIL_V5\C51\LIB\C51FPL.LIB (?C?FPMUL)
  D:\KEIL_V5\C51\LIB\C51FPL.LIB (?C?FPDIV)
  D:\KEIL_V5\C51\LIB\C51FPL.LIB (?C?FPCMP)
  D:\KEIL_V5\C51\LIB\C51FPL.LIB (?C?FPNEG)
  D:\KEIL_V5\C51\LIB\C51FPL.LIB (?C?FCAST)
  D:\KEIL_V5\C51\LIB\C51FPL.LIB (?C?CASTF)
  D:\KEIL_V5\C51\LIB\C51FPL.LIB (PRINTF)
  D:\KEIL_V5\C51\LIB\C51FPL.LIB (?C?FPGETOPN)
  D:\KEIL_V5\C51\LIB\C51FPL.LIB (?C?FPROUND)
  D:\KEIL_V5\C51\LIB\C51FPL.LIB (?C?FPCONVERT)
  D:\KEIL_V5\C51\LIB\C51FPL.LIB (?C?FTNPWR)
  D:\KEIL_V5\C51\LIB\C51L.LIB (?C_STARTUP)
  D:\KEIL_V5\C51\LIB\C51L.LIB (?C?COPY)
  D:\KEIL_V5\C51\LIB\C51L.LIB (?C?CLDPTR)
  D:\KEIL_V5\C51\LIB\C51L.LIB (?C?CLDOPTR)
  D:\KEIL_V5\C51\LIB\C51L.LIB (?C?CSTPTR)
  D:\KEIL_V5\C51\LIB\C51L.LIB (?C?CSTOPTR)
  D:\KEIL_V5\C51\LIB\C51L.LIB (?C?IMUL)
  D:\KEIL_V5\C51\LIB\C51L.LIB (?C?SIDIV)
  D:\KEIL_V5\C51\LIB\C51L.LIB (?C?ILDPTR)
BL51 BANKED LINKER/LOCATER V6.22.4.0                                                  08/29/2024  12:06:30  PAGE 2


  D:\KEIL_V5\C51\LIB\C51L.LIB (?C?ILDOPTR)
  D:\KEIL_V5\C51\LIB\C51L.LIB (?C?ULDIV)
  D:\KEIL_V5\C51\LIB\C51L.LIB (?C?SLDIV)
  D:\KEIL_V5\C51\LIB\C51L.LIB (?C?LNEG)
  D:\KEIL_V5\C51\LIB\C51L.LIB (?C?ULCMP)
  D:\KEIL_V5\C51\LIB\C51L.LIB (?C?ULSHR)
  D:\KEIL_V5\C51\LIB\C51L.LIB (?C?LLDPTR)
  D:\KEIL_V5\C51\LIB\C51L.LIB (?C?LSTPTR)
  D:\KEIL_V5\C51\LIB\C51L.LIB (?C?LLDOPTR0)
  D:\KEIL_V5\C51\LIB\C51L.LIB (?C?LSTXDATA)
  D:\KEIL_V5\C51\LIB\C51L.LIB (?C?LSTKXDATA)
  D:\KEIL_V5\C51\LIB\C51L.LIB (?C?PLDIXDATA)
  D:\KEIL_V5\C51\LIB\C51L.LIB (?C?PSTXDATA)
  D:\KEIL_V5\C51\LIB\C51L.LIB (?C?CCASE)
  D:\KEIL_V5\C51\LIB\C51L.LIB (STRNCMP)
  D:\KEIL_V5\C51\LIB\C51L.LIB (?C_INIT)
  D:\KEIL_V5\C51\LIB\C51L.LIB (?C?UIDIV)
  D:\KEIL_V5\C51\LIB\C51L.LIB (?C?IILDX)
  D:\KEIL_V5\C51\LIB\C51L.LIB (?C?LLDIDATA)
  D:\KEIL_V5\C51\LIB\C51L.LIB (?C?LLDXDATA)
  D:\KEIL_V5\C51\LIB\C51L.LIB (?C?LLDPDATA)
  D:\KEIL_V5\C51\LIB\C51L.LIB (?C?LLDCODE)
  D:\KEIL_V5\C51\LIB\C51L.LIB (?C?LLDIDATA0)
  D:\KEIL_V5\C51\LIB\C51L.LIB (?C?LLDXDATA0)
  D:\KEIL_V5\C51\LIB\C51L.LIB (?C?LLDPDATA0)
  D:\KEIL_V5\C51\LIB\C51L.LIB (?C?LLDCODE0)
  D:\KEIL_V5\C51\LIB\C51L.LIB (?C?LSTIDATA)
  D:\KEIL_V5\C51\LIB\C51L.LIB (?C?LSTPDATA)


TASK TABLE OF MODULE:  .\Objects\Project (APP_BLUETOOTH)

TASKID   PRIORITY   REG-BANK   SEGMENT NAME
-------------------------------------------
0        0          0          ?PR?TASK_MAIN?MAIN
1        0          0          ?PR?TASK_KEY?MAIN
2        0          0          ?PR?TASK_TRACKER?APP_TRACKER
3        0          0          ?PR?TASK_UART1?MAIN
4        0          0          ?PR?TASK_BLUETOOTH?APP_BLUETOOTH
5        0          0          ?PR?TASK_ULTRASONIC?APP_ULTRASONIC
6        0          0          ?PR?TASK_BATTERY?APP_BATTERY
7        0          0          ?PR?TASK_AT?MAIN



LINK MAP OF MODULE:  .\Objects\Project (APP_BLUETOOTH)


            TYPE    BASE      LENGTH    RELOCATION   SEGMENT NAME
            -----------------------------------------------------

            * * * * * * *   D A T A   M E M O R Y   * * * * * * *
            REG     0000H     0008H     ABSOLUTE     "REG BANK 0"
            DATA    0008H     0006H     ABSOLUTE     
            IDATA   000EH     0010H     UNIT         ?RTX?TASKSTATE?S
                    001EH     0002H                  *** GAP ***
            BIT     0020H.0   0006H.6   UNIT         _BIT_GROUP_
BL51 BANKED LINKER/LOCATER V6.22.4.0                                                  08/29/2024  12:06:30  PAGE 3


            BIT     0026H.6   0000H.1   UNIT         ?RTX?BITS
                    0026H.7   0000H.1                *** GAP ***
            DATA    0027H     001EH     UNIT         _DATA_GROUP_
            IDATA   0045H     0008H     UNIT         ?RTX?TASKSP?S
            IDATA   004DH     0001H     UNIT         ?STACK

            * * * * * * *  X D A T A   M E M O R Y  * * * * * * *
            XDATA   0000H     02D4H     UNIT         ?XD?UART
            XDATA   02D4H     017FH     UNIT         _XDATA_GROUP_
            XDATA   0453H     0020H     UNIT         ?XD?APP_BLUETOOTH
            XDATA   0473H     0015H     UNIT         ?XD?_MOTORS_LEFT?MOTORS
            XDATA   0488H     0015H     UNIT         ?XD?_MOTORS_RIGHT?MOTORS
            XDATA   049DH     0014H     UNIT         ?XD?_MOTORS_BACKWARD?MOTORS
            XDATA   04B1H     0014H     UNIT         ?XD?MOTORS
            XDATA   04C5H     000CH     UNIT         ?XD?MAIN
            XDATA   04D1H     0005H     UNIT         ?XD?APP_ULTRASONIC
            XDATA   04D6H     0004H     UNIT         ?XD?APP_BATTERY
            XDATA   04DAH     0002H     UNIT         ?XD?TRACKER
            XDATA   04DCH     0001H     UNIT         ?XD?APP_TRACKER
            XDATA   04DDH     0001H     UNIT         ?XD?KEY

            * * * * * * *   C O D E   M E M O R Y   * * * * * * *
            CODE    0000H     0003H     ABSOLUTE     
            CODE    0003H     0007H     UNIT         ?PR?KEY_INIT?KEY
                    000AH     0001H                  *** GAP ***
            CODE    000BH     0003H     ABSOLUTE     
            CODE    000EH     0015H     UNIT         ?PR?GPIO_CONFIG?BATTERY
            CODE    0023H     0003H     ABSOLUTE     
            CODE    0026H     0005H     UNIT         ?PR?_PUTCHAR?UART
            CODE    002BH     0003H     ABSOLUTE     
            CODE    002EH     0014H     UNIT         ?PR?_GPIO_CONFIG?LIGHT
                    0042H     0001H                  *** GAP ***
            CODE    0043H     0003H     ABSOLUTE     
            CODE    0046H     0044H     UNIT         ?C?LDIV
                    008AH     0001H                  *** GAP ***
            CODE    008BH     0003H     ABSOLUTE     
            CODE    008EH     0004H     UNIT         ?PR?ADC_ISR_HANDLER?ADC_ISR
                    0092H     0001H                  *** GAP ***
            CODE    0093H     0003H     ABSOLUTE     
            CODE    0096H     0A8EH     UNIT         ?C?LIB_CODE
            CODE    0B24H     0653H     UNIT         ?PR?_UART_CONFIGURATION?UART
            CODE    1177H     0483H     UNIT         ?PR?PRINTF?PRINTF
            CODE    15FAH     0412H     UNIT         ?PR?_PWM_CONFIGURATION?STC8H_PWM
            CODE    1A0CH     02E3H     UNIT         ?RTX?CODE
            CODE    1CEFH     0254H     UNIT         ?PR?_GPIO_INILIZE?GPIO
            CODE    1F43H     023BH     UNIT         ?PR?PWM_CONFIG?MOTORS
            CODE    217EH     0173H     UNIT         ?PR?_MOTORS_MOVE?MOTORS
            CODE    22F1H     015FH     UNIT         ?PR?TASK_TRACKER?APP_TRACKER
            CODE    2450H     014DH     UNIT         ?PR?_UPDATEPWM?STC8H_PWM
            CODE    259DH     013BH     UNIT         ?PR?_DO_CONTROL?APP_BLUETOOTH
            CODE    26D8H     00E8H     UNIT         ?PR?_ULTRASONIC_GET_DISTANCE?ULTRASONIC
            CODE    27C0H     00E3H     UNIT         ?PR?DO_CONTROL_PARSE?APP_BLUETOOTH
            CODE    28A3H     00C8H     UNIT         ?PR?_MOTORS_AROUND?MOTORS
            CODE    296BH     009CH     UNIT         ?PR?_MOTORS_LEFT?MOTORS
            CODE    2A07H     009CH     UNIT         ?PR?_MOTORS_RIGHT?MOTORS
            CODE    2AA3H     008DH     UNIT         ?CO?APP_BLUETOOTH
            CODE    2B30H     008CH     UNIT         ?C_C51STARTUP
BL51 BANKED LINKER/LOCATER V6.22.4.0                                                  08/29/2024  12:06:30  PAGE 4


            CODE    2BBCH     0089H     UNIT         ?PR?_PWM_CONFIG?BUZZER
            CODE    2C45H     0087H     UNIT         ?PR?_STRNCMP?STRNCMP
            CODE    2CCCH     007FH     UNIT         ?PR?_NVIC_PWM_INIT?NVIC
            CODE    2D4BH     0078H     UNIT         ?PR?_MOTORS_BACKWARD?MOTORS
            CODE    2DC3H     0078H     UNIT         ?PR?_GET_ADCRESULT?ADC
            CODE    2E3BH     0071H     UNIT         ?PR?TRACKER_GET_POSITION?TRACKER
            CODE    2EACH     006EH     UNIT         ?PR?TASK_ULTRASONIC?APP_ULTRASONIC
            CODE    2F1AH     006EH     UNIT         ?PR?_CLIP?MOTORS
            CODE    2F88H     006AH     UNIT         ?PR?_MOTORS_FORWARD?MOTORS
            CODE    2FF2H     0062H     UNIT         ?CO?APP_TRACKER
            CODE    3054H     0061H     UNIT         ?PR?UART_CONFIG?MAIN
            CODE    30B5H     005FH     UNIT         ?PR?TASK_BATTERY?APP_BATTERY
            CODE    3114H     005DH     UNIT         ?PR?_NVIC_I2C_INIT?NVIC
            CODE    3171H     0055H     UNIT         ?PR?_ADC_INILIZE?ADC
            CODE    31C6H     0052H     UNIT         ?PR?TASK_BLUETOOTH?APP_BLUETOOTH
            CODE    3218H     0052H     UNIT         ?PR?UART2_ISR_HANDLER?UART_ISR
            CODE    326AH     0052H     UNIT         ?PR?UART3_ISR_HANDLER?UART_ISR
            CODE    32BCH     0052H     UNIT         ?PR?UART4_ISR_HANDLER?UART_ISR
            CODE    330EH     004FH     UNIT         ?PR?TASK_UART1?MAIN
            CODE    335DH     004EH     UNIT         ?CO?MAIN
            CODE    33ABH     004CH     UNIT         ?PR?UART1_ISR_HANDLER?UART_ISR
            CODE    33F7H     004BH     UNIT         ?PR?_NVIC_CMP_INIT?NVIC
            CODE    3442H     004AH     UNIT         ?PR?_NVIC_UART3_INIT?NVIC
            CODE    348CH     0048H     UNIT         ?PR?BUZZER_ALARM?BUZZER
            CODE    34D4H     0048H     UNIT         ?PR?BUZZER_ALARM2?BUZZER
            CODE    351CH     0048H     UNIT         ?PR?_NVIC_UART4_INIT?NVIC
            CODE    3564H     0047H     UNIT         ?PR?_NVIC_SPI_INIT?NVIC
            CODE    35ABH     0043H     UNIT         ?C_INITSEG
            CODE    35EEH     0043H     UNIT         ?CO?APP_BATTERY
            CODE    3631H     0043H     UNIT         ?PR?_NVIC_UART2_INIT?NVIC
            CODE    3674H     0041H     UNIT         ?PR?_NVIC_TIMER0_INIT?NVIC
            CODE    36B5H     0041H     UNIT         ?PR?_NVIC_TIMER1_INIT?NVIC
            CODE    36F6H     0041H     UNIT         ?PR?_NVIC_INT0_INIT?NVIC
            CODE    3737H     0041H     UNIT         ?PR?_NVIC_INT1_INIT?NVIC
            CODE    3778H     0041H     UNIT         ?PR?_NVIC_ADC_INIT?NVIC
            CODE    37B9H     0041H     UNIT         ?PR?_NVIC_UART1_INIT?NVIC
            CODE    37FAH     0040H     UNIT         ?PR?BATTERY_GET_VOLTAGE?BATTERY
            CODE    383AH     003EH     UNIT         ?PR?MOTORS_STOP?MOTORS
            CODE    3878H     003EH     UNIT         ?PR?KEY_ON_DOWN?MAIN
            CODE    38B6H     003CH     UNIT         ?PR?BUZZER_ALARM3?BUZZER
            CODE    38F2H     003AH     UNIT         ?PR?_NVIC_RTC_INIT?NVIC
            CODE    392CH     0038H     UNIT         ?CO?BUZZER
            CODE    3964H     0034H     UNIT         ?PR?_BUZZER_BEEP?BUZZER
            CODE    3998H     0030H     UNIT         ?CO?MOTORS
            CODE    39C8H     002FH     UNIT         ?PR?_TRACKER_SCAN?TRACKER
            CODE    39F7H     002CH     UNIT         ?PR?TASK_AT?MAIN
            CODE    3A23H     0029H     UNIT         ?PR?ADC_CONFIG?BATTERY
            CODE    3A4CH     0026H     UNIT         ?PR?TASK_MAIN?MAIN
            CODE    3A72H     0023H     UNIT         ?PR?_NVIC_TIMER4_INIT?NVIC
            CODE    3A95H     0022H     UNIT         ?CO?ULTRASONIC
            CODE    3AB7H     0022H     UNIT         ?PR?_NVIC_TIMER2_INIT?NVIC
            CODE    3AD9H     0022H     UNIT         ?PR?_NVIC_TIMER3_INIT?NVIC
            CODE    3AFBH     0021H     UNIT         ?CO?APP_ULTRASONIC
            CODE    3B1CH     0020H     UNIT         ?PR?ISLOWPOWER?APP_BATTERY
            CODE    3B3CH     0020H     UNIT         ?PR?KEY_SCAN?KEY
            CODE    3B5CH     001EH     UNIT         ?PR?_SPEED2DUTY?MOTORS
            CODE    3B7AH     001BH     UNIT         ?PR?SYS_INIT?MAIN
BL51 BANKED LINKER/LOCATER V6.22.4.0                                                  08/29/2024  12:06:30  PAGE 5


            CODE    3B95H     001AH     UNIT         ?PR?_NVIC_INT4_INIT?NVIC
            CODE    3BAFH     0019H     UNIT         ?PR?GPIO_CONFIG?MOTORS
            CODE    3BC8H     0019H     UNIT         ?PR?_NVIC_INT3_INIT?NVIC
            CODE    3BE1H     0018H     UNIT         ?PR?_NVIC_INT2_INIT?NVIC
            CODE    3BF9H     0016H     UNIT         ?PR?_LIGHT_ON?LIGHT
            CODE    3C0FH     0016H     UNIT         ?PR?_LIGHT_OFF?LIGHT
            CODE    3C25H     0016H     UNIT         ?PR?GPIO_CONFIG?BUZZER
            CODE    3C3BH     0016H     UNIT         ?PR?GPIO_CONFIG?MAIN
            CODE    3C51H     0013H     UNIT         ?PR?LIGHT_INIT?LIGHT
            CODE    3C64H     0013H     UNIT         ?PR?_PRINTSTRING1?UART
            CODE    3C77H     0013H     UNIT         ?PR?_PRINTSTRING2?UART
            CODE    3C8AH     0013H     UNIT         ?PR?_PRINTSTRING3?UART
            CODE    3C9DH     0013H     UNIT         ?PR?_PRINTSTRING4?UART
            CODE    3CB0H     0011H     UNIT         ?PR?ULTRASONIC_INIT?ULTRASONIC
            CODE    3CC1H     0010H     UNIT         ?PR?BUZZER_STOP?BUZZER
            CODE    3CD1H     0010H     UNIT         ?PR?_DELAY_MS?DELAY
            CODE    3CE1H     0010H     UNIT         ?RTX?TASKENT?S
            CODE    3CF1H     000FH     UNIT         ?PR?_TX1_WRITE2BUFF?UART
            CODE    3D00H     000FH     UNIT         ?PR?_TX2_WRITE2BUFF?UART
            CODE    3D0FH     000FH     UNIT         ?PR?_TX3_WRITE2BUFF?UART
            CODE    3D1EH     000FH     UNIT         ?PR?_TX4_WRITE2BUFF?UART
            CODE    3D2DH     000EH     UNIT         ?PR?KEY_ON_UP?MAIN
            CODE    3D3BH     000CH     UNIT         ?PR?TASK_KEY?MAIN
            CODE    3D47H     000CH     UNIT         ?PR?_ADC_POWERCONTROL?ADC
            CODE    3D53H     0009H     UNIT         ?PR?BUZZER_INIT?BUZZER
            CODE    3D5CH     0007H     UNIT         ?PR?DELAY10US?ULTRASONIC
            CODE    3D63H     0007H     UNIT         ?PR?TRACKER_INIT?TRACKER
            CODE    3D6AH     0006H     UNIT         ?PR?BATTERY_INIT?BATTERY
            CODE    3D70H     0006H     UNIT         ?PR?MOTORS_INIT?MOTORS
            CODE    3D76H     0003H     UNIT         ?PR?_BUZZER_PLAY?BUZZER



OVERLAY MAP OF MODULE:   .\Objects\Project (APP_BLUETOOTH)


SEGMENT                                            BIT_GROUP          DATA_GROUP          XDATA_GROUP
  +--> CALLED SEGMENT                           START    LENGTH     START    LENGTH     START    LENGTH
-------------------------------------------------------------------------------------------------------
?PR?TASK_BLUETOOTH?APP_BLUETOOTH                -----    -----      -----    -----      02D4H    0001H
  +--> ?PR?DO_CONTROL_PARSE?APP_BLUETOOTH
  +--> ?PR?_TX1_WRITE2BUFF?UART

?PR?DO_CONTROL_PARSE?APP_BLUETOOTH              -----    -----      -----    -----      02D5H    0001H
  +--> ?CO?APP_BLUETOOTH
  +--> ?PR?_STRNCMP?STRNCMP
  +--> ?PR?PRINTF?PRINTF
  +--> ?PR?_PRINTSTRING2?UART
  +--> ?PR?_DO_CONTROL?APP_BLUETOOTH

?PR?_STRNCMP?STRNCMP                            -----    -----      -----    -----      02D6H    0008H

?PR?PRINTF?PRINTF                               0025H.5  0001H.1    0040H    0005H      0415H    0030H
  +--> ?PR?_PUTCHAR?UART

?PR?_PUTCHAR?UART                               -----    -----      -----    -----      -----    -----
  +--> ?PR?_TX1_WRITE2BUFF?UART
BL51 BANKED LINKER/LOCATER V6.22.4.0                                                  08/29/2024  12:06:30  PAGE 6



?PR?_PRINTSTRING2?UART                          -----    -----      -----    -----      -----    -----
  +--> ?PR?_TX2_WRITE2BUFF?UART

?PR?_DO_CONTROL?APP_BLUETOOTH                   -----    -----      -----    -----      02D6H    0006H
  +--> ?PR?_LIGHT_ON?LIGHT
  +--> ?PR?_LIGHT_OFF?LIGHT
  +--> ?PR?BUZZER_ALARM?BUZZER
  +--> ?PR?BUZZER_ALARM2?BUZZER
  +--> ?PR?_MOTORS_AROUND?MOTORS
  +--> ?PR?MOTORS_STOP?MOTORS
  +--> ?CO?APP_BLUETOOTH
  +--> ?PR?PRINTF?PRINTF
  +--> ?PR?ISLOWPOWER?APP_BATTERY
  +--> ?PR?_MOTORS_MOVE?MOTORS

?PR?BUZZER_ALARM?BUZZER                         -----    -----      -----    -----      -----    -----
  +--> ?PR?_BUZZER_BEEP?BUZZER
  +--> ?PR?BUZZER_STOP?BUZZER

?PR?_BUZZER_BEEP?BUZZER                         -----    -----      -----    -----      03A2H    0002H
  +--> ?PR?BUZZER_STOP?BUZZER
  +--> ?CO?BUZZER
  +--> ?PR?_BUZZER_PLAY?BUZZER

?PR?BUZZER_STOP?BUZZER                          -----    -----      -----    -----      03A4H    0009H
  +--> ?PR?_PWM_CONFIGURATION?STC8H_PWM

?PR?_BUZZER_PLAY?BUZZER                         -----    -----      -----    -----      -----    -----
  +--> ?PR?_PWM_CONFIG?BUZZER

?PR?_PWM_CONFIG?BUZZER                          -----    -----      -----    -----      03A4H    000BH
  +--> ?PR?_PWM_CONFIGURATION?STC8H_PWM
  +--> ?PR?_NVIC_PWM_INIT?NVIC

?PR?BUZZER_ALARM2?BUZZER                        -----    -----      -----    -----      -----    -----
  +--> ?PR?_BUZZER_BEEP?BUZZER
  +--> ?PR?BUZZER_STOP?BUZZER

?PR?_MOTORS_AROUND?MOTORS                       -----    -----      -----    -----      0360H    0015H
  +--> ?PR?PWM_CONFIG?MOTORS

?PR?PWM_CONFIG?MOTORS                           -----    -----      -----    -----      0425H    002DH
  +--> ?PR?_SPEED2DUTY?MOTORS
  +--> ?PR?_PWM_CONFIGURATION?STC8H_PWM
  +--> ?PR?_NVIC_PWM_INIT?NVIC

?PR?MOTORS_STOP?MOTORS                          -----    -----      -----    -----      0415H    0010H
  +--> ?PR?PWM_CONFIG?MOTORS

?PR?_MOTORS_MOVE?MOTORS                         -----    -----      -----    -----      02DCH    0012H
  +--> ?CO?MOTORS
  +--> ?PR?_CLIP?MOTORS
  +--> ?PR?PWM_CONFIG?MOTORS

?PR?_CLIP?MOTORS                                -----    -----      -----    -----      02EEH    000CH

BL51 BANKED LINKER/LOCATER V6.22.4.0                                                  08/29/2024  12:06:30  PAGE 7


*** NEW ROOT ***************************************************

?PR?TASK_ULTRASONIC?APP_ULTRASONIC              -----    -----      -----    -----      031EH    0004H
  +--> ?PR?ULTRASONIC_INIT?ULTRASONIC
  +--> ?PR?_ULTRASONIC_GET_DISTANCE?ULTRASONIC
  +--> ?CO?APP_ULTRASONIC
  +--> ?PR?PRINTF?PRINTF
  +--> ?PR?BUZZER_ALARM?BUZZER

?PR?_ULTRASONIC_GET_DISTANCE?ULTRASONIC         -----    -----      -----    -----      0322H    0005H
  +--> ?PR?DELAY10US?ULTRASONIC
  +--> ?CO?ULTRASONIC
  +--> ?PR?PRINTF?PRINTF

?PR?DELAY10US?ULTRASONIC                        -----    -----      002CH    0001H      -----    -----

*** NEW ROOT ***************************************************

?PR?TASK_TRACKER?APP_TRACKER                    -----    -----      -----    -----      0357H    0009H
  +--> ?CO?APP_TRACKER
  +--> ?PR?TRACKER_INIT?TRACKER
  +--> ?PR?TRACKER_GET_POSITION?TRACKER
  +--> ?PR?ISLOWPOWER?APP_BATTERY
  +--> ?PR?MOTORS_STOP?MOTORS
  +--> ?PR?PRINTF?PRINTF
  +--> ?PR?_MOTORS_AROUND?MOTORS
  +--> ?PR?_MOTORS_FORWARD?MOTORS

?PR?TRACKER_GET_POSITION?TRACKER                -----    -----      -----    -----      0360H    0002H

?PR?_MOTORS_FORWARD?MOTORS                      -----    -----      -----    -----      0360H    0014H
  +--> ?PR?PWM_CONFIG?MOTORS

*** NEW ROOT ***************************************************

?PR?TASK_BATTERY?APP_BATTERY                    -----    -----      -----    -----      -----    -----
  +--> ?PR?BATTERY_INIT?BATTERY
  +--> ?PR?BATTERY_GET_VOLTAGE?BATTERY
  +--> ?CO?APP_BATTERY
  +--> ?PR?PRINTF?PRINTF
  +--> ?PR?ISLOWPOWER?APP_BATTERY
  +--> ?PR?BUZZER_ALARM3?BUZZER

?PR?BATTERY_INIT?BATTERY                        -----    -----      -----    -----      -----    -----
  +--> ?PR?GPIO_CONFIG?BATTERY
  +--> ?PR?ADC_CONFIG?BATTERY

?PR?GPIO_CONFIG?BATTERY                         -----    -----      -----    -----      03D2H    0002H
  +--> ?PR?_GPIO_INILIZE?GPIO

?PR?ADC_CONFIG?BATTERY                          -----    -----      -----    -----      03D2H    0005H
  +--> ?PR?_ADC_INILIZE?ADC
  +--> ?PR?_ADC_POWERCONTROL?ADC
  +--> ?PR?_NVIC_ADC_INIT?NVIC

?PR?BATTERY_GET_VOLTAGE?BATTERY                 -----    -----      -----    -----      03A2H    0004H
  +--> ?PR?_GET_ADCRESULT?ADC
BL51 BANKED LINKER/LOCATER V6.22.4.0                                                  08/29/2024  12:06:30  PAGE 8



?PR?_GET_ADCRESULT?ADC                          -----    -----      -----    -----      03A6H    0002H

?PR?BUZZER_ALARM3?BUZZER                        -----    -----      -----    -----      -----    -----
  +--> ?PR?_BUZZER_BEEP?BUZZER
  +--> ?PR?BUZZER_STOP?BUZZER

*** NEW ROOT ***************************************************

?PR?TASK_MAIN?MAIN                              -----    -----      -----    -----      -----    -----
  +--> ?PR?SYS_INIT?MAIN

?PR?SYS_INIT?MAIN                               -----    -----      -----    -----      -----    -----
  +--> ?PR?GPIO_CONFIG?MAIN
  +--> ?PR?UART_CONFIG?MAIN
  +--> ?PR?LIGHT_INIT?LIGHT
  +--> ?PR?KEY_INIT?KEY
  +--> ?PR?BATTERY_INIT?BATTERY
  +--> ?PR?BUZZER_INIT?BUZZER
  +--> ?PR?MOTORS_INIT?MOTORS

?PR?GPIO_CONFIG?MAIN                            -----    -----      -----    -----      03D2H    0002H
  +--> ?PR?_GPIO_INILIZE?GPIO

?PR?UART_CONFIG?MAIN                            -----    -----      -----    -----      03D2H    0009H
  +--> ?PR?_UART_CONFIGURATION?UART
  +--> ?PR?_NVIC_UART1_INIT?NVIC
  +--> ?PR?_NVIC_UART2_INIT?NVIC

?PR?_UART_CONFIGURATION?UART                    -----    -----      -----    -----      03DBH    000AH

?PR?LIGHT_INIT?LIGHT                            -----    -----      -----    -----      -----    -----
  +--> ?PR?_GPIO_CONFIG?LIGHT
  +--> ?PR?_LIGHT_OFF?LIGHT

?PR?_GPIO_CONFIG?LIGHT                          -----    -----      -----    -----      03D2H    0002H
  +--> ?PR?_GPIO_INILIZE?GPIO

?PR?BUZZER_INIT?BUZZER                          -----    -----      -----    -----      -----    -----
  +--> ?PR?GPIO_CONFIG?BUZZER

?PR?GPIO_CONFIG?BUZZER                          -----    -----      -----    -----      03D2H    0002H
  +--> ?PR?_GPIO_INILIZE?GPIO

?PR?MOTORS_INIT?MOTORS                          -----    -----      -----    -----      -----    -----
  +--> ?PR?GPIO_CONFIG?MOTORS

*** NEW ROOT ***************************************************

?PR?TASK_AT?MAIN                                -----    -----      -----    -----      -----    -----
  +--> ?CO?MAIN
  +--> ?PR?_PRINTSTRING2?UART
  +--> ?PR?PRINTF?PRINTF

*** NEW ROOT ***************************************************

?PR?TASK_KEY?MAIN                               -----    -----      -----    -----      -----    -----
BL51 BANKED LINKER/LOCATER V6.22.4.0                                                  08/29/2024  12:06:30  PAGE 9


  +--> ?PR?KEY_SCAN?KEY

?PR?KEY_SCAN?KEY                                -----    -----      -----    -----      -----    -----
  +--> ?PR?KEY_ON_UP?MAIN
  +--> ?PR?KEY_ON_DOWN?MAIN

?PR?KEY_ON_UP?MAIN                              -----    -----      -----    -----      -----    -----
  +--> ?PR?_LIGHT_OFF?LIGHT
  +--> ?CO?MAIN
  +--> ?PR?PRINTF?PRINTF

?PR?KEY_ON_DOWN?MAIN                            -----    -----      -----    -----      -----    -----
  +--> ?PR?_LIGHT_ON?LIGHT
  +--> ?CO?MAIN
  +--> ?PR?PRINTF?PRINTF
  +--> ?PR?MOTORS_STOP?MOTORS

*** NEW ROOT ***************************************************

?PR?TASK_UART1?MAIN                             -----    -----      -----    -----      0452H    0001H
  +--> ?PR?_TX2_WRITE2BUFF?UART

*** NEW ROOT ***************************************************

?C_C51STARTUP                                   -----    -----      -----    -----      -----    -----
  +--> ?C_INITSEG



SYMBOL TABLE OF MODULE:  .\Objects\Project (APP_BLUETOOTH)

  VALUE           TYPE          NAME
  ----------------------------------

  -------         MODULE        APP_BLUETOOTH
  C:0000H         SYMBOL        _ICE_DUMMY_
  D:0080H         PUBLIC        P0
  D:0090H         PUBLIC        P1
  D:00A0H         PUBLIC        P2
  D:00B0H         PUBLIC        P3
  D:00C0H         PUBLIC        P4
  D:00C8H         PUBLIC        P5
  D:00E8H         PUBLIC        P6
  D:00F8H         PUBLIC        P7
  D:00A8H         PUBLIC        IE
  D:00B8H         PUBLIC        IP
  X:0453H         PUBLIC        light_state
  D:0098H         PUBLIC        SCON
  D:0088H         PUBLIC        TCON
  C:27C0H         PUBLIC        do_control_parse
  C:259DH         PUBLIC        _do_control
  X:0454H         PUBLIC        is_turning
  C:31C6H         PUBLIC        task_bluetooth
  D:00D0H         PUBLIC        PSW
  X:0455H         PUBLIC        buffer
  -------         PROC          _DO_CONTROL
  X:02D6H         SYMBOL        buffer
BL51 BANKED LINKER/LOCATER V6.22.4.0                                                  08/29/2024  12:06:30  PAGE 10


  X:02D9H         SYMBOL        len
  -------         DO            
  X:02DAH         SYMBOL        x
  X:02DBH         SYMBOL        y
  -------         ENDDO         
  C:259DH         LINE#         30
  C:25ADH         LINE#         38
  C:25B5H         LINE#         39
  C:25C6H         LINE#         41
  C:25D2H         LINE#         43
  C:25E0H         LINE#         45
  C:25E9H         LINE#         48
  C:25E9H         LINE#         51
  C:25FCH         LINE#         52
  C:2603H         LINE#         53
  C:2605H         LINE#         55
  C:260BH         LINE#         56
  C:261CH         LINE#         57
  C:2623H         LINE#         59
  C:2623H         LINE#         60
  C:2629H         LINE#         62
  C:262CH         LINE#         63
  C:2632H         LINE#         65
  C:2632H         LINE#         66
  C:2632H         LINE#         69
  C:2645H         LINE#         70
  C:2656H         LINE#         71
  C:265AH         LINE#         72
  C:265DH         LINE#         73
  C:2663H         LINE#         74
  C:2665H         LINE#         75
  C:2668H         LINE#         76
  C:266BH         LINE#         77
  C:2674H         LINE#         78
  C:2674H         LINE#         80
  C:2674H         LINE#         82
  C:267AH         LINE#         83
  C:2683H         LINE#         85
  C:2686H         LINE#         87
  C:2686H         LINE#         90
  C:268CH         LINE#         92
  C:268CH         LINE#         95
  C:26A2H         LINE#         96
  C:26ADH         LINE#         98
  C:26CCH         LINE#         100
  C:26D7H         LINE#         101
  -------         ENDPROC       _DO_CONTROL
  -------         PROC          DO_CONTROL_PARSE
  -------         DO            
  X:02D5H         SYMBOL        i
  -------         ENDDO         
  C:27C0H         LINE#         119
  C:27C0H         LINE#         135
  C:27E1H         LINE#         137
  C:2805H         LINE#         138
  C:280EH         LINE#         141
  C:2831H         LINE#         142
BL51 BANKED LINKER/LOCATER V6.22.4.0                                                  08/29/2024  12:06:30  PAGE 11


  C:283AH         LINE#         144
  C:2841H         LINE#         145
  C:284AH         LINE#         146
  C:284AH         LINE#         148
  C:284AH         LINE#         153
  C:2853H         LINE#         155
  C:2868H         LINE#         157
  C:2884H         LINE#         158
  C:2893H         LINE#         159
  C:289AH         LINE#         160
  C:289AH         LINE#         161
  C:28A2H         LINE#         164
  -------         ENDPROC       DO_CONTROL_PARSE
  -------         PROC          TASK_BLUETOOTH
  -------         DO            
  X:02D4H         SYMBOL        i
  -------         ENDDO         
  C:31C6H         LINE#         166
  C:31C6H         LINE#         169
  C:31C6H         LINE#         170
  C:31D4H         LINE#         172
  C:31DDH         LINE#         174
  C:31E0H         LINE#         177
  C:31F3H         LINE#         179
  C:3202H         LINE#         180
  C:320AH         LINE#         181
  C:320AH         LINE#         182
  C:320FH         LINE#         183
  C:320FH         LINE#         185
  C:3216H         LINE#         186
  -------         ENDPROC       TASK_BLUETOOTH
  -------         ENDMOD        APP_BLUETOOTH

  -------         MODULE        APP_ULTRASONIC
  C:0000H         SYMBOL        _ICE_DUMMY_
  D:0080H         PUBLIC        P0
  D:0090H         PUBLIC        P1
  D:00A0H         PUBLIC        P2
  D:00B0H         PUBLIC        P3
  D:00C0H         PUBLIC        P4
  D:00C8H         PUBLIC        P5
  D:00E8H         PUBLIC        P6
  D:00F8H         PUBLIC        P7
  D:00A8H         PUBLIC        IE
  D:00B8H         PUBLIC        IP
  D:0098H         PUBLIC        SCON
  D:0088H         PUBLIC        TCON
  X:04D1H         PUBLIC        is_ultrasonic_enable
  X:04D2H         PUBLIC        global_distance_cm
  C:2EACH         PUBLIC        task_ultrasonic
  D:00D0H         PUBLIC        PSW
  -------         PROC          TASK_ULTRASONIC
  -------         DO            
  X:031EH         SYMBOL        distance
  -------         ENDDO         
  C:2EACH         LINE#         8
  C:2EACH         LINE#         9
BL51 BANKED LINKER/LOCATER V6.22.4.0                                                  08/29/2024  12:06:30  PAGE 12


  C:2EB6H         LINE#         11
  C:2EB9H         LINE#         13
  C:2EB9H         LINE#         15
  C:2EBFH         LINE#         16
  C:2EC6H         LINE#         17
  C:2EC8H         LINE#         18
  C:2EC8H         LINE#         20
  C:2ED6H         LINE#         21
  C:2EF1H         LINE#         22
  C:2F05H         LINE#         25
  C:2F08H         LINE#         26
  C:2F0AH         LINE#         27
  C:2F11H         LINE#         28
  C:2F11H         LINE#         31
  C:2F18H         LINE#         32
  -------         ENDPROC       TASK_ULTRASONIC
  -------         ENDMOD        APP_ULTRASONIC

  -------         MODULE        APP_TRACKER
  C:0000H         SYMBOL        _ICE_DUMMY_
  D:0080H         PUBLIC        P0
  D:0090H         PUBLIC        P1
  D:00A0H         PUBLIC        P2
  D:00B0H         PUBLIC        P3
  D:00C0H         PUBLIC        P4
  D:00C8H         PUBLIC        P5
  D:00E8H         PUBLIC        P6
  C:22F1H         PUBLIC        task_tracker
  D:00F8H         PUBLIC        P7
  D:00A8H         PUBLIC        IE
  X:04DCH         PUBLIC        is_tracking
  D:00B8H         PUBLIC        IP
  D:0098H         PUBLIC        SCON
  D:0088H         PUBLIC        TCON
  C:304FH         SYMBOL        _?ix1000
  D:00D0H         PUBLIC        PSW
  -------         PROC          TASK_TRACKER
  -------         DO            
  X:0357H         SYMBOL        states
  X:035CH         SYMBOL        pos
  X:035EH         SYMBOL        last_pos
  -------         ENDDO         
  C:22F1H         LINE#         7
  C:22F1H         LINE#         8
  C:2304H         LINE#         10
  C:2313H         LINE#         11
  C:2316H         LINE#         12
  C:2316H         LINE#         13
  C:2321H         LINE#         15
  C:2327H         LINE#         16
  C:232AH         LINE#         17
  C:232AH         LINE#         18
  C:232DH         LINE#         19
  C:232DH         LINE#         22
  C:234DH         LINE#         23
  C:2367H         LINE#         24
  C:2384H         LINE#         25
BL51 BANKED LINKER/LOCATER V6.22.4.0                                                  08/29/2024  12:06:30  PAGE 13


  C:2387H         LINE#         26
  C:238EH         LINE#         27
  C:2398H         LINE#         28
  C:239BH         LINE#         29
  C:239BH         LINE#         30
  C:239BH         LINE#         33
  C:23AFH         LINE#         34
  C:23B6H         LINE#         35
  C:23B9H         LINE#         36
  C:23B9H         LINE#         38
  C:23C7H         LINE#         40
  C:23D8H         LINE#         42
  C:23E3H         LINE#         43
  C:23F1H         LINE#         44
  C:23F7H         LINE#         45
  C:240AH         LINE#         46
  C:241BH         LINE#         47
  C:2421H         LINE#         48
  C:2423H         LINE#         49
  C:242EH         LINE#         50
  C:2446H         LINE#         51
  C:2446H         LINE#         53
  C:244DH         LINE#         54
  -------         ENDPROC       TASK_TRACKER
  -------         ENDMOD        APP_TRACKER

  -------         MODULE        APP_BATTERY
  C:0000H         SYMBOL        _ICE_DUMMY_
  D:0080H         PUBLIC        P0
  D:0090H         PUBLIC        P1
  D:00A0H         PUBLIC        P2
  D:00B0H         PUBLIC        P3
  D:00C0H         PUBLIC        P4
  D:00C8H         PUBLIC        P5
  D:00E8H         PUBLIC        P6
  D:00F8H         PUBLIC        P7
  D:00A8H         PUBLIC        IE
  C:30B5H         PUBLIC        task_battery
  D:00B8H         PUBLIC        IP
  C:3B1CH         PUBLIC        isLowPower
  D:0098H         PUBLIC        SCON
  D:0088H         PUBLIC        TCON
  X:04D6H         PUBLIC        voltage
  D:00D0H         PUBLIC        PSW
  -------         PROC          ISLOWPOWER
  C:3B1CH         LINE#         9
  C:3B1CH         LINE#         10
  C:3B3BH         LINE#         11
  -------         ENDPROC       ISLOWPOWER
  -------         PROC          TASK_BATTERY
  C:30B5H         LINE#         15
  C:30B5H         LINE#         18
  C:30B8H         LINE#         21
  C:30B8H         LINE#         22
  C:30C1H         LINE#         23
  C:30DEH         LINE#         25
  C:30E4H         LINE#         26
BL51 BANKED LINKER/LOCATER V6.22.4.0                                                  08/29/2024  12:06:30  PAGE 14


  C:3101H         LINE#         27
  C:3104H         LINE#         28
  C:3104H         LINE#         31
  C:310BH         LINE#         32
  C:3112H         LINE#         33
  -------         ENDPROC       TASK_BATTERY
  -------         ENDMOD        APP_BATTERY

  -------         MODULE        LIGHT
  C:0000H         SYMBOL        _ICE_DUMMY_
  D:0080H         PUBLIC        P0
  D:0090H         PUBLIC        P1
  D:00A0H         PUBLIC        P2
  D:00B0H         PUBLIC        P3
  D:00C0H         PUBLIC        P4
  D:00C8H         PUBLIC        P5
  D:00E8H         PUBLIC        P6
  D:00F8H         PUBLIC        P7
  C:002EH         SYMBOL        _GPIO_config
  D:00A8H         PUBLIC        IE
  C:3C51H         PUBLIC        Light_init
  C:3C0FH         PUBLIC        _Light_off
  D:00B8H         PUBLIC        IP
  D:0098H         PUBLIC        SCON
  D:0088H         PUBLIC        TCON
  B:00C8H.2       PUBLIC        P52
  B:0080H.7       PUBLIC        P07
  C:3BF9H         PUBLIC        _Light_on
  D:00D0H         PUBLIC        PSW
  -------         PROC          _GPIO_CONFIG
  D:0007H         SYMBOL        port
  D:0005H         SYMBOL        pin
  -------         DO            
  X:03D2H         SYMBOL        GPIO_InitStructure
  -------         ENDDO         
  C:002EH         LINE#         5
  C:002EH         LINE#         9
  C:0033H         LINE#         10
  C:0039H         LINE#         11
  -------         ENDPROC       _GPIO_CONFIG
  -------         PROC          LIGHT_INIT
  C:3C51H         LINE#         15
  C:3C51H         LINE#         16
  C:3C58H         LINE#         17
  C:3C5FH         LINE#         20
  -------         ENDPROC       LIGHT_INIT
  -------         PROC          _LIGHT_ON
  D:0007H         SYMBOL        light
  C:3BF9H         LINE#         24
  C:3BF9H         LINE#         25
  C:3BFDH         LINE#         26
  C:3BFFH         LINE#         27
  C:3C01H         LINE#         28
  C:3C05H         LINE#         29
  C:3C07H         LINE#         30
  C:3C0CH         LINE#         31
  C:3C0EH         LINE#         32
BL51 BANKED LINKER/LOCATER V6.22.4.0                                                  08/29/2024  12:06:30  PAGE 15


  C:3C0EH         LINE#         33
  -------         ENDPROC       _LIGHT_ON
  -------         PROC          _LIGHT_OFF
  D:0007H         SYMBOL        light
  C:3C0FH         LINE#         36
  C:3C0FH         LINE#         37
  C:3C1AH         LINE#         38
  C:3C1AH         LINE#         39
  C:3C1CH         LINE#         40
  C:3C1DH         LINE#         41
  C:3C1DH         LINE#         42
  C:3C1FH         LINE#         43
  C:3C20H         LINE#         44
  C:3C20H         LINE#         45
  C:3C22H         LINE#         46
  C:3C24H         LINE#         47
  C:3C24H         LINE#         48
  C:3C24H         LINE#         49
  C:3C24H         LINE#         50
  C:3C24H         LINE#         51
  -------         ENDPROC       _LIGHT_OFF
  -------         ENDMOD        LIGHT

  -------         MODULE        KEY
  C:0000H         SYMBOL        _ICE_DUMMY_
  D:0093H         PUBLIC        P0M1
  D:0080H         PUBLIC        P0
  D:0090H         PUBLIC        P1
  D:00A0H         PUBLIC        P2
  D:00B0H         PUBLIC        P3
  D:00C0H         PUBLIC        P4
  D:00C8H         PUBLIC        P5
  D:00E8H         PUBLIC        P6
  D:00F8H         PUBLIC        P7
  D:00A8H         PUBLIC        IE
  D:00B8H         PUBLIC        IP
  C:3B3CH         PUBLIC        Key_scan
  D:0098H         PUBLIC        SCON
  D:0088H         PUBLIC        TCON
  B:0080H.5       PUBLIC        P05
  C:0003H         PUBLIC        Key_init
  D:00D0H         PUBLIC        PSW
  D:0094H         PUBLIC        P0M0
  -------         PROC          KEY_INIT
  C:0003H         LINE#         6
  C:0003H         LINE#         7
  C:0009H         LINE#         8
  -------         ENDPROC       KEY_INIT
  -------         PROC          KEY_SCAN
  -------         DO            
  X:04DDH         SYMBOL        pre_state
  -------         ENDDO         
  C:3B3CH         LINE#         11
  C:3B3CH         LINE#         15
  C:3B48H         LINE#         17
  C:3B4BH         LINE#         18
  C:3B4EH         LINE#         19
BL51 BANKED LINKER/LOCATER V6.22.4.0                                                  08/29/2024  12:06:30  PAGE 16


  C:3B50H         LINE#         20
  C:3B53H         LINE#         21
  C:3B53H         LINE#         23
  C:3B5BH         LINE#         24
  C:3B5BH         LINE#         25
  -------         ENDPROC       KEY_SCAN
  -------         ENDMOD        KEY

  -------         MODULE        BATTERY
  C:0000H         SYMBOL        _ICE_DUMMY_
  D:0080H         PUBLIC        P0
  D:0090H         PUBLIC        P1
  D:00A0H         PUBLIC        P2
  D:00B0H         PUBLIC        P3
  D:00C0H         PUBLIC        P4
  D:00C8H         PUBLIC        P5
  D:00E8H         PUBLIC        P6
  D:00F8H         PUBLIC        P7
  C:000EH         SYMBOL        GPIO_config
  D:00A8H         PUBLIC        IE
  D:00B8H         PUBLIC        IP
  C:3A23H         PUBLIC        ADC_config
  D:0098H         PUBLIC        SCON
  D:0088H         PUBLIC        TCON
  C:37FAH         PUBLIC        Battery_get_voltage
  C:3D6AH         PUBLIC        Battery_init
  D:00D0H         PUBLIC        PSW
  -------         PROC          GPIO_CONFIG
  -------         DO            
  X:03D2H         SYMBOL        GPIO_InitStructure
  -------         ENDDO         
  C:000EH         LINE#         6
  C:000EH         LINE#         8
  C:0014H         LINE#         9
  C:001AH         LINE#         10
  -------         ENDPROC       GPIO_CONFIG
  -------         PROC          ADC_CONFIG
  -------         DO            
  X:03D2H         SYMBOL        ADC_InitStructure
  -------         ENDDO         
  C:3A23H         LINE#         13
  C:3A23H         LINE#         14
  C:3A23H         LINE#         17
  C:3A29H         LINE#         18
  C:3A2EH         LINE#         19
  C:3A31H         LINE#         20
  C:3A36H         LINE#         21
  C:3A39H         LINE#         22
  C:3A41H         LINE#         23
  C:3A46H         LINE#         24
  -------         ENDPROC       ADC_CONFIG
  -------         PROC          BATTERY_INIT
  C:3D6AH         LINE#         26
  C:3D6AH         LINE#         27
  C:3D6DH         LINE#         28
  -------         ENDPROC       BATTERY_INIT
  -------         PROC          BATTERY_GET_VOLTAGE
BL51 BANKED LINKER/LOCATER V6.22.4.0                                                  08/29/2024  12:06:30  PAGE 17


  -------         DO            
  D:0006H         SYMBOL        result
  X:03A2H         SYMBOL        Vadc
  -------         ENDDO         
  C:37FAH         LINE#         31
  C:37FAH         LINE#         32
  C:37FFH         LINE#         35
  C:3821H         LINE#         38
  -------         ENDPROC       BATTERY_GET_VOLTAGE
  -------         ENDMOD        BATTERY

  -------         MODULE        ULTRASONIC
  C:0000H         SYMBOL        _ICE_DUMMY_
  C:26D8H         PUBLIC        _Ultrasonic_get_distance
  D:0080H         PUBLIC        P0
  D:00B2H         PUBLIC        P3M0
  D:0090H         PUBLIC        P1
  D:00B4H         PUBLIC        P4M0
  D:00B1H         PUBLIC        P3M1
  D:00A0H         PUBLIC        P2
  D:00B3H         PUBLIC        P4M1
  D:00B0H         PUBLIC        P3
  D:00C0H         PUBLIC        P4
  D:00C8H         PUBLIC        P5
  D:00E8H         PUBLIC        P6
  D:00F8H         PUBLIC        P7
  D:00A8H         PUBLIC        IE
  D:00B8H         PUBLIC        IP
  D:0098H         PUBLIC        SCON
  D:0088H         PUBLIC        TCON
  B:00B0H.3       PUBLIC        P33
  B:00C0H.7       PUBLIC        P47
  C:3D5CH         PUBLIC        Delay10us
  C:3CB0H         PUBLIC        Ultrasonic_init
  D:00D0H         PUBLIC        PSW
  -------         PROC          ULTRASONIC_INIT
  C:3CB0H         LINE#         4
  C:3CB0H         LINE#         5
  C:3CBCH         LINE#         8
  C:3CBEH         LINE#         9
  C:3CC0H         LINE#         10
  -------         ENDPROC       ULTRASONIC_INIT
  -------         PROC          DELAY10US
  -------         DO            
  D:002CH         SYMBOL        i
  -------         ENDDO         
  C:3D5CH         LINE#         12
  C:3D5CH         LINE#         13
  C:3D5CH         LINE#         16
  C:3D5FH         LINE#         17
  C:3D62H         LINE#         18
  -------         ENDPROC       DELAY10US
  -------         PROC          _ULTRASONIC_GET_DISTANCE
  X:0322H         SYMBOL        distance
  -------         DO            
  X:0325H         SYMBOL        cnt_10us
  -------         ENDDO         
BL51 BANKED LINKER/LOCATER V6.22.4.0                                                  08/29/2024  12:06:30  PAGE 18


  C:26D8H         LINE#         26
  C:26E3H         LINE#         27
  C:26E8H         LINE#         29
  C:26EAH         LINE#         30
  C:26EDH         LINE#         31
  C:26F0H         LINE#         32
  C:26F2H         LINE#         38
  C:2704H         LINE#         39
  C:2707H         LINE#         40
  C:2713H         LINE#         41
  C:2715H         LINE#         43
  C:2725H         LINE#         44
  C:273DH         LINE#         45
  C:2740H         LINE#         46
  C:2740H         LINE#         50
  C:2747H         LINE#         51
  C:274AH         LINE#         52
  C:274DH         LINE#         53
  C:275BH         LINE#         54
  C:275DH         LINE#         63
  C:2782H         LINE#         66
  C:279DH         LINE#         67
  C:27A0H         LINE#         68
  C:27BAH         LINE#         69
  C:27BDH         LINE#         70
  C:27BDH         LINE#         72
  C:27BFH         LINE#         73
  -------         ENDPROC       _ULTRASONIC_GET_DISTANCE
  -------         ENDMOD        ULTRASONIC

  -------         MODULE        MOTORS
  C:0000H         SYMBOL        _ICE_DUMMY_
  D:0092H         PUBLIC        P1M0
  D:0096H         PUBLIC        P2M0
  D:0091H         PUBLIC        P1M1
  D:0080H         PUBLIC        P0
  D:0095H         PUBLIC        P2M1
  D:0090H         PUBLIC        P1
  D:00A0H         PUBLIC        P2
  D:00B0H         PUBLIC        P3
  D:00C0H         PUBLIC        P4
  D:00C8H         PUBLIC        P5
  D:00E8H         PUBLIC        P6
  D:00F8H         PUBLIC        P7
  X:04B1H         PUBLIC        dutyA
  C:2A07H         PUBLIC        _Motors_right
  C:3BAFH         SYMBOL        GPIO_config
  D:00BAH         PUBLIC        P_SW2
  D:00A8H         PUBLIC        IE
  C:3B67H         PUBLIC        _speed2duty
  C:296BH         PUBLIC        _Motors_left
  D:00B8H         PUBLIC        IP
  C:3D70H         PUBLIC        Motors_init
  C:217EH         PUBLIC        _Motors_move
  C:2F25H         PUBLIC        _clip
  C:2D4BH         PUBLIC        _Motors_backward
  C:383AH         PUBLIC        Motors_stop
BL51 BANKED LINKER/LOCATER V6.22.4.0                                                  08/29/2024  12:06:30  PAGE 19


  D:0098H         PUBLIC        SCON
  D:0088H         PUBLIC        TCON
  C:3998H         SYMBOL        _?ix1000
  C:39A8H         SYMBOL        _?ix1001
  C:39B8H         SYMBOL        _?ix1002
  X:04C1H         PUBLIC        max_ratio
  C:1F43H         SYMBOL        PWM_config
  C:2F88H         PUBLIC        _Motors_forward
  C:28A3H         PUBLIC        _Motors_around
  D:00D0H         PUBLIC        PSW
  -------         PROC          GPIO_CONFIG
  C:3BAFH         LINE#         7
  C:3BAFH         LINE#         9
  C:3BB5H         LINE#         11
  C:3BBBH         LINE#         14
  C:3BC1H         LINE#         16
  C:3BC7H         LINE#         17
  -------         ENDPROC       GPIO_CONFIG
  -------         PROC          MOTORS_INIT
  C:3D70H         LINE#         20
  C:3D70H         LINE#         21
  C:3D73H         LINE#         22
  -------         ENDPROC       MOTORS_INIT
  C:3B5CH         SYMBOL        L?0046
  -------         PROC          L?0045
  -------         ENDPROC       L?0045
  C:3B5CH         SYMBOL        L?0046
  -------         PROC          _SPEED2DUTY
  D:0004H         SYMBOL        speed
  C:3B67H         LINE#         33
  C:3B67H         LINE#         36
  -------         ENDPROC       _SPEED2DUTY
  -------         PROC          PWM_CONFIG
  X:0425H         SYMBOL        cfg
  -------         DO            
  X:0435H         SYMBOL        LQ_duty
  X:0439H         SYMBOL        RQ_duty
  X:043DH         SYMBOL        LH_duty
  X:0441H         SYMBOL        RH_duty
  X:0445H         SYMBOL        is_LQ_enable
  X:0446H         SYMBOL        is_RQ_enable
  X:0447H         SYMBOL        is_LH_enable
  X:0448H         SYMBOL        is_RH_enable
  X:0449H         SYMBOL        PWMx_InitStructure
  -------         ENDDO         
  C:1F43H         LINE#         40
  C:1F43H         LINE#         41
  C:1F43H         LINE#         42
  C:1F4FH         LINE#         43
  C:1F5BH         LINE#         44
  C:1F67H         LINE#         45
  C:1F73H         LINE#         47
  C:1F96H         LINE#         48
  C:1FB9H         LINE#         49
  C:1FDCH         LINE#         50
  C:1FFFH         LINE#         54
  C:2003H         LINE#         55
BL51 BANKED LINKER/LOCATER V6.22.4.0                                                  08/29/2024  12:06:30  PAGE 20


  C:2031H         LINE#         56
  C:2042H         LINE#         57
  C:204DH         LINE#         59
  C:2053H         LINE#         60
  C:2081H         LINE#         61
  C:2092H         LINE#         62
  C:209DH         LINE#         64
  C:20A3H         LINE#         65
  C:20D1H         LINE#         66
  C:20E2H         LINE#         67
  C:20EDH         LINE#         69
  C:20F3H         LINE#         70
  C:2121H         LINE#         71
  C:2132H         LINE#         72
  C:213DH         LINE#         75
  C:2147H         LINE#         76
  C:214CH         LINE#         77
  C:2151H         LINE#         78
  C:2155H         LINE#         79
  C:215FH         LINE#         82
  C:2168H         LINE#         83
  C:216EH         LINE#         84
  C:2172H         LINE#         85
  C:2176H         LINE#         88
  -------         ENDPROC       PWM_CONFIG
  -------         PROC          _MOTORS_FORWARD
  X:0360H         SYMBOL        speed
  -------         DO            
  X:0364H         SYMBOL        cfg
  -------         ENDDO         
  C:2F88H         LINE#         90
  C:2F8EH         LINE#         92
  C:2FA0H         LINE#         93
  C:2FB4H         LINE#         94
  C:2FC8H         LINE#         95
  C:2FDCH         LINE#         96
  -------         ENDPROC       _MOTORS_FORWARD
  -------         PROC          _MOTORS_BACKWARD
  X:049DH         SYMBOL        speed
  -------         DO            
  X:04A1H         SYMBOL        cfg
  -------         ENDDO         
  C:2D4BH         LINE#         99
  C:2D51H         LINE#         101
  C:2D68H         LINE#         102
  C:2D7FH         LINE#         103
  C:2D96H         LINE#         104
  C:2DADH         LINE#         105
  -------         ENDPROC       _MOTORS_BACKWARD
  -------         PROC          _MOTORS_LEFT
  X:0473H         SYMBOL        speed
  X:0477H         SYMBOL        dir
  -------         DO            
  X:0478H         SYMBOL        cfg
  -------         ENDDO         
  C:296BH         LINE#         109
  C:2971H         LINE#         110
BL51 BANKED LINKER/LOCATER V6.22.4.0                                                  08/29/2024  12:06:30  PAGE 21


  C:2984H         LINE#         112
  C:2990H         LINE#         113
  C:29A4H         LINE#         114
  C:29B8H         LINE#         115
  C:29B8H         LINE#         117
  C:29C3H         LINE#         118
  C:29DAH         LINE#         119
  C:29F1H         LINE#         120
  C:29F1H         LINE#         122
  -------         ENDPROC       _MOTORS_LEFT
  -------         PROC          _MOTORS_RIGHT
  X:0488H         SYMBOL        speed
  X:048CH         SYMBOL        dir
  -------         DO            
  X:048DH         SYMBOL        cfg
  -------         ENDDO         
  C:2A07H         LINE#         126
  C:2A0DH         LINE#         127
  C:2A20H         LINE#         129
  C:2A2CH         LINE#         130
  C:2A40H         LINE#         131
  C:2A54H         LINE#         132
  C:2A54H         LINE#         134
  C:2A5FH         LINE#         135
  C:2A76H         LINE#         136
  C:2A8DH         LINE#         137
  C:2A8DH         LINE#         139
  -------         ENDPROC       _MOTORS_RIGHT
  -------         PROC          _MOTORS_AROUND
  X:0360H         SYMBOL        speed
  X:0364H         SYMBOL        dir
  -------         DO            
  X:0365H         SYMBOL        cfg
  -------         ENDDO         
  C:28A3H         LINE#         144
  C:28A9H         LINE#         146
  C:28B3H         LINE#         147
  C:28C4H         LINE#         148
  C:28DBH         LINE#         149
  C:28EFH         LINE#         150
  C:2900H         LINE#         151
  C:2902H         LINE#         152
  C:2916H         LINE#         153
  C:292AH         LINE#         154
  C:2941H         LINE#         155
  C:2955H         LINE#         156
  C:2955H         LINE#         158
  -------         ENDPROC       _MOTORS_AROUND
  C:2F1AH         SYMBOL        L?0048
  -------         PROC          L?0047
  -------         ENDPROC       L?0047
  C:2F1AH         SYMBOL        L?0048
  -------         PROC          _CLIP
  X:02EEH         SYMBOL        value
  X:02F2H         SYMBOL        min
  X:02F6H         SYMBOL        max
  C:2F25H         LINE#         162
BL51 BANKED LINKER/LOCATER V6.22.4.0                                                  08/29/2024  12:06:30  PAGE 22


  C:2F2BH         LINE#         163
  C:2F4CH         LINE#         164
  C:2F51H         LINE#         165
  C:2F74H         LINE#         166
  C:2F79H         LINE#         167
  C:2F79H         LINE#         168
  C:2F87H         LINE#         169
  -------         ENDPROC       _CLIP
  -------         PROC          _MOTORS_MOVE
  X:02DCH         SYMBOL        x
  X:02DDH         SYMBOL        y
  -------         DO            
  X:02DEH         SYMBOL        cfg
  -------         ENDDO         
  C:217EH         LINE#         187
  C:2186H         LINE#         188
  C:2199H         LINE#         192
  C:21B8H         LINE#         193
  C:21D8H         LINE#         194
  C:21F8H         LINE#         195
  C:2217H         LINE#         198
  C:2248H         LINE#         199
  C:2279H         LINE#         200
  C:22AAH         LINE#         201
  C:22DBH         LINE#         203
  -------         ENDPROC       _MOTORS_MOVE
  -------         PROC          MOTORS_STOP
  -------         DO            
  X:0415H         SYMBOL        cfg
  -------         ENDDO         
  C:383AH         LINE#         208
  C:383AH         LINE#         210
  C:3844H         LINE#         211
  C:384EH         LINE#         212
  C:3858H         LINE#         213
  C:3862H         LINE#         214
  -------         ENDPROC       MOTORS_STOP
  -------         ENDMOD        MOTORS

  -------         MODULE        TRACKER
  C:0000H         SYMBOL        _ICE_DUMMY_
  D:0093H         PUBLIC        P0M1
  D:0080H         PUBLIC        P0
  D:0090H         PUBLIC        P1
  D:00A0H         PUBLIC        P2
  D:00B0H         PUBLIC        P3
  D:00C0H         PUBLIC        P4
  D:00C8H         PUBLIC        P5
  D:00E8H         PUBLIC        P6
  D:00F8H         PUBLIC        P7
  D:00A8H         PUBLIC        IE
  D:00B8H         PUBLIC        IP
  B:0080H.0       PUBLIC        P00
  B:0080H.1       PUBLIC        P01
  B:0080H.2       PUBLIC        P02
  B:0080H.3       PUBLIC        P03
  D:0098H         PUBLIC        SCON
BL51 BANKED LINKER/LOCATER V6.22.4.0                                                  08/29/2024  12:06:30  PAGE 23


  B:0080H.4       PUBLIC        P04
  D:0088H         PUBLIC        TCON
  C:2E3BH         PUBLIC        Tracker_get_position
  C:39C8H         PUBLIC        _Tracker_scan
  C:3D63H         PUBLIC        Tracker_init
  D:00D0H         PUBLIC        PSW
  D:0094H         PUBLIC        P0M0
  -------         PROC          TRACKER_INIT
  C:3D63H         LINE#         4
  C:3D63H         LINE#         5
  C:3D69H         LINE#         6
  -------         ENDPROC       TRACKER_INIT
  -------         PROC          _TRACKER_SCAN
  D:0001H         SYMBOL        states
  C:39C8H         LINE#         12
  C:39C8H         LINE#         13
  C:39CFH         LINE#         14
  C:39D9H         LINE#         15
  C:39E3H         LINE#         16
  C:39EDH         LINE#         17
  -------         ENDPROC       _TRACKER_SCAN
  -------         PROC          TRACKER_GET_POSITION
  -------         DO            
  X:04DAH         SYMBOL        last_pos
  D:0006H         SYMBOL        sum
  D:0004H         SYMBOL        cnt
  X:0360H         SYMBOL        pos
  -------         ENDDO         
  C:2E3BH         LINE#         23
  C:2E3BH         LINE#         26
  C:2E46H         LINE#         27
  C:2E49H         LINE#         28
  C:2E50H         LINE#         29
  C:2E55H         LINE#         30
  C:2E55H         LINE#         31
  C:2E58H         LINE#         32
  C:2E60H         LINE#         33
  C:2E65H         LINE#         34
  C:2E65H         LINE#         35
  C:2E68H         LINE#         36
  C:2E68H         LINE#         37
  C:2E6DH         LINE#         38
  C:2E6DH         LINE#         39
  C:2E70H         LINE#         40
  C:2E77H         LINE#         41
  C:2E7CH         LINE#         42
  C:2E7CH         LINE#         43
  C:2E7FH         LINE#         44
  C:2E86H         LINE#         45
  C:2E8BH         LINE#         46
  C:2E8BH         LINE#         49
  C:2E8FH         LINE#         51
  C:2E98H         LINE#         53
  C:2E98H         LINE#         56
  C:2EA3H         LINE#         60
  C:2EABH         LINE#         61
  C:2EABH         LINE#         62
BL51 BANKED LINKER/LOCATER V6.22.4.0                                                  08/29/2024  12:06:30  PAGE 24


  -------         ENDPROC       TRACKER_GET_POSITION
  -------         ENDMOD        TRACKER

  -------         MODULE        BUZZER
  C:0000H         SYMBOL        _ICE_DUMMY_
  D:0080H         PUBLIC        P0
  D:0090H         PUBLIC        P1
  D:00A0H         PUBLIC        P2
  C:392CH         PUBLIC        FREQS
  D:00B0H         PUBLIC        P3
  D:00C0H         PUBLIC        P4
  C:3968H         PUBLIC        _Buzzer_beep
  D:00C8H         PUBLIC        P5
  D:00E8H         PUBLIC        P6
  D:00F8H         PUBLIC        P7
  C:3C25H         SYMBOL        GPIO_config
  D:00BAH         PUBLIC        P_SW2
  D:00A8H         PUBLIC        IE
  D:00B8H         PUBLIC        IP
  C:3D53H         PUBLIC        Buzzer_init
  C:3D76H         PUBLIC        _Buzzer_play
  C:34D4H         PUBLIC        Buzzer_alarm2
  C:38B6H         PUBLIC        Buzzer_alarm3
  C:3CC1H         PUBLIC        Buzzer_stop
  D:0098H         PUBLIC        SCON
  D:0088H         PUBLIC        TCON
  B:00B0H.4       PUBLIC        P34
  C:2BBCH         PUBLIC        _PWM_config
  C:348CH         PUBLIC        Buzzer_alarm
  D:00D0H         PUBLIC        PSW
  -------         PROC          GPIO_CONFIG
  -------         DO            
  X:03D2H         SYMBOL        GPIO_InitStructure
  -------         ENDDO         
  C:3C25H         LINE#         19
  C:3C25H         LINE#         21
  C:3C2BH         LINE#         22
  C:3C31H         LINE#         23
  -------         ENDPROC       GPIO_CONFIG
  -------         PROC          _PWM_CONFIG
  D:0006H         SYMBOL        hz_val
  -------         DO            
  X:03A4H         SYMBOL        PWMx_InitStructure
  X:03ADH         SYMBOL        period
  -------         ENDDO         
  C:2BBCH         LINE#         25
  C:2BBCH         LINE#         26
  C:2BBCH         LINE#         29
  C:2BD5H         LINE#         32
  C:2BDBH         LINE#         33
  C:2BF7H         LINE#         34
  C:2BFDH         LINE#         35
  C:2C08H         LINE#         38
  C:2C1CH         LINE#         39
  C:2C21H         LINE#         40
  C:2C26H         LINE#         41
  C:2C2AH         LINE#         42
BL51 BANKED LINKER/LOCATER V6.22.4.0                                                  08/29/2024  12:06:30  PAGE 25


  C:2C34H         LINE#         45
  C:2C3DH         LINE#         48
  -------         ENDPROC       _PWM_CONFIG
  -------         PROC          BUZZER_INIT
  C:3D53H         LINE#         51
  C:3D53H         LINE#         53
  C:3D56H         LINE#         54
  C:3D59H         LINE#         57
  C:3D5BH         LINE#         58
  -------         ENDPROC       BUZZER_INIT
  -------         PROC          _BUZZER_PLAY
  D:0006H         SYMBOL        hz_val
  C:3D76H         LINE#         61
  C:3D76H         LINE#         62
  -------         ENDPROC       _BUZZER_PLAY
  C:3964H         SYMBOL        L?0012
  -------         PROC          L?0011
  -------         ENDPROC       L?0011
  C:3964H         SYMBOL        L?0012
  -------         PROC          _BUZZER_BEEP
  X:03A2H         SYMBOL        idx
  -------         DO            
  D:0006H         SYMBOL        hz_value
  -------         ENDDO         
  C:3968H         LINE#         66
  C:3970H         LINE#         68
  C:3973H         LINE#         69
  C:3976H         LINE#         71
  C:3976H         LINE#         73
  C:3994H         LINE#         74
  C:3997H         LINE#         75
  -------         ENDPROC       _BUZZER_BEEP
  -------         PROC          BUZZER_ALARM
  C:348CH         LINE#         77
  C:348CH         LINE#         78
  C:3493H         LINE#         79
  C:349AH         LINE#         80
  C:349DH         LINE#         81
  C:34A4H         LINE#         83
  C:34ABH         LINE#         84
  C:34B2H         LINE#         85
  C:34B5H         LINE#         86
  C:34BCH         LINE#         88
  C:34C3H         LINE#         89
  C:34CAH         LINE#         90
  C:34CDH         LINE#         91
  -------         ENDPROC       BUZZER_ALARM
  -------         PROC          BUZZER_ALARM2
  C:34D4H         LINE#         94
  C:34D4H         LINE#         95
  C:34DBH         LINE#         96
  C:34E2H         LINE#         97
  C:34E5H         LINE#         98
  C:34ECH         LINE#         100
  C:34F3H         LINE#         101
  C:34FAH         LINE#         102
  C:34FDH         LINE#         103
BL51 BANKED LINKER/LOCATER V6.22.4.0                                                  08/29/2024  12:06:30  PAGE 26


  C:3504H         LINE#         105
  C:350BH         LINE#         106
  C:3512H         LINE#         107
  C:3515H         LINE#         108
  -------         ENDPROC       BUZZER_ALARM2
  -------         PROC          BUZZER_ALARM3
  C:38B6H         LINE#         111
  C:38B6H         LINE#         112
  C:38B9H         LINE#         113
  C:38C0H         LINE#         114
  C:38C3H         LINE#         115
  C:38CAH         LINE#         117
  C:38CDH         LINE#         118
  C:38D4H         LINE#         119
  C:38D7H         LINE#         120
  C:38DEH         LINE#         122
  C:38E1H         LINE#         123
  C:38E8H         LINE#         124
  C:38EBH         LINE#         125
  -------         ENDPROC       BUZZER_ALARM3
  -------         PROC          BUZZER_STOP
  -------         DO            
  X:03A4H         SYMBOL        PWMx_InitStructure
  -------         ENDDO         
  C:3CC1H         LINE#         130
  C:3CC1H         LINE#         133
  C:3CC6H         LINE#         134
  -------         ENDPROC       BUZZER_STOP
  -------         ENDMOD        BUZZER

  -------         MODULE        MAIN
  C:0000H         SYMBOL        _ICE_DUMMY_
  D:0080H         PUBLIC        P0
  D:0090H         PUBLIC        P1
  D:00A0H         PUBLIC        P2
  D:00B0H         PUBLIC        P3
  C:3878H         PUBLIC        Key_on_down
  D:00C0H         PUBLIC        P4
  D:00C8H         PUBLIC        P5
  C:330EH         PUBLIC        task_uart1
  D:00E8H         PUBLIC        P6
  B:00A8H.7       PUBLIC        EA
  D:00F8H         PUBLIC        P7
  C:3C3BH         PUBLIC        GPIO_config
  D:00A2H         PUBLIC        P_SW1
  D:00BAH         PUBLIC        P_SW2
  D:00A8H         PUBLIC        IE
  C:3054H         PUBLIC        UART_config
  D:00B8H         PUBLIC        IP
  C:3D2DH         PUBLIC        Key_on_up
  D:0098H         PUBLIC        SCON
  D:0088H         PUBLIC        TCON
  X:04C5H         PUBLIC        is_forward
  C:3A4CH         PUBLIC        task_main
  X:04C6H         PUBLIC        vcc
  X:04CAH         PUBLIC        move_state
  X:04CBH         PUBLIC        duty
BL51 BANKED LINKER/LOCATER V6.22.4.0                                                  08/29/2024  12:06:30  PAGE 27


  C:3D3BH         PUBLIC        task_key
  X:04CFH         PUBLIC        direction_step
  C:39F7H         PUBLIC        task_at
  C:3B7AH         PUBLIC        sys_init
  D:00D0H         PUBLIC        PSW
  -------         PROC          GPIO_CONFIG
  -------         DO            
  X:03D2H         SYMBOL        GPIO_InitStructure
  -------         ENDDO         
  C:3C3BH         LINE#         26
  C:3C3BH         LINE#         28
  C:3C41H         LINE#         29
  C:3C46H         LINE#         30
  -------         ENDPROC       GPIO_CONFIG
  -------         PROC          UART_CONFIG
  -------         DO            
  X:03D2H         SYMBOL        COMx_InitStructure
  -------         ENDDO         
  C:3054H         LINE#         33
  C:3054H         LINE#         38
  C:305AH         LINE#         39
  C:305EH         LINE#         40
  C:3066H         LINE#         41
  C:306CH         LINE#         42
  C:306FH         LINE#         43
  C:307AH         LINE#         45
  C:3081H         LINE#         46
  C:3084H         LINE#         49
  C:308AH         LINE#         50
  C:308EH         LINE#         51
  C:3096H         LINE#         52
  C:309CH         LINE#         53
  C:309FH         LINE#         54
  C:30AAH         LINE#         56
  C:30B1H         LINE#         57
  C:30B4H         LINE#         58
  -------         ENDPROC       UART_CONFIG
  -------         PROC          KEY_ON_UP
  C:3D2DH         LINE#         61
  C:3D2DH         LINE#         62
  C:3D32H         LINE#         63
  -------         ENDPROC       KEY_ON_UP
  -------         PROC          KEY_ON_DOWN
  C:3878H         LINE#         82
  C:3878H         LINE#         83
  C:387DH         LINE#         84
  C:3886H         LINE#         118
  C:3897H         LINE#         119
  C:389BH         LINE#         120
  C:389EH         LINE#         121
  C:38A4H         LINE#         122
  C:38A6H         LINE#         123
  C:38A9H         LINE#         124
  C:38ACH         LINE#         125
  C:38B5H         LINE#         126
  C:38B5H         LINE#         127
  -------         ENDPROC       KEY_ON_DOWN
BL51 BANKED LINKER/LOCATER V6.22.4.0                                                  08/29/2024  12:06:30  PAGE 28


  -------         PROC          SYS_INIT
  C:3B7AH         LINE#         129
  C:3B7AH         LINE#         130
  C:3B7DH         LINE#         132
  C:3B80H         LINE#         133
  C:3B83H         LINE#         135
  C:3B86H         LINE#         136
  C:3B89H         LINE#         137
  C:3B8CH         LINE#         138
  C:3B8FH         LINE#         139
  C:3B92H         LINE#         141
  C:3B94H         LINE#         142
  -------         ENDPROC       SYS_INIT
  -------         PROC          TASK_MAIN
  C:3A4CH         LINE#         144
  C:3A4CH         LINE#         147
  C:3A4FH         LINE#         150
  C:3A54H         LINE#         154
  C:3A59H         LINE#         156
  C:3A5EH         LINE#         158
  C:3A63H         LINE#         160
  C:3A68H         LINE#         162
  C:3A6DH         LINE#         164
  -------         ENDPROC       TASK_MAIN
  -------         PROC          TASK_AT
  C:39F7H         LINE#         167
  C:39F7H         LINE#         169
  C:39FEH         LINE#         170
  C:3A05H         LINE#         171
  C:3A0CH         LINE#         175
  C:3A15H         LINE#         177
  C:3A1EH         LINE#         179
  -------         ENDPROC       TASK_AT
  -------         PROC          TASK_KEY
  C:3D3BH         LINE#         182
  C:3D3BH         LINE#         184
  C:3D3BH         LINE#         185
  C:3D3EH         LINE#         186
  C:3D45H         LINE#         187
  -------         ENDPROC       TASK_KEY
  -------         PROC          TASK_UART1
  -------         DO            
  X:0452H         SYMBOL        i
  -------         ENDDO         
  C:330EH         LINE#         190
  C:330EH         LINE#         193
  C:330EH         LINE#         194
  C:331CH         LINE#         196
  C:3325H         LINE#         199
  C:3338H         LINE#         201
  C:3347H         LINE#         202
  C:334FH         LINE#         203
  C:334FH         LINE#         204
  C:3354H         LINE#         205
  C:3354H         LINE#         209
  C:335BH         LINE#         210
  -------         ENDPROC       TASK_UART1
BL51 BANKED LINKER/LOCATER V6.22.4.0                                                  08/29/2024  12:06:30  PAGE 29


  -------         ENDMOD        MAIN

  -------         MODULE        UART
  C:0000H         SYMBOL        _ICE_DUMMY_
  C:0B24H         PUBLIC        _UART_Configuration
  D:0080H         PUBLIC        P0
  D:0090H         PUBLIC        P1
  D:00A0H         PUBLIC        P2
  D:00B0H         PUBLIC        P3
  D:00C0H         PUBLIC        P4
  D:00C8H         PUBLIC        P5
  D:00E8H         PUBLIC        P6
  D:00F8H         PUBLIC        P7
  D:00A8H         PUBLIC        IE
  X:0000H         PUBLIC        COM1
  X:0005H         PUBLIC        COM2
  X:000AH         PUBLIC        COM3
  X:000FH         PUBLIC        COM4
  D:008FH         PUBLIC        INTCLKO
  D:00B8H         PUBLIC        IP
  X:0014H         PUBLIC        RX1_Buffer
  X:0094H         PUBLIC        RX2_Buffer
  X:0114H         PUBLIC        RX3_Buffer
  X:0154H         PUBLIC        TX1_Buffer
  X:01D4H         PUBLIC        RX4_Buffer
  X:01F4H         PUBLIC        TX2_Buffer
  X:0274H         PUBLIC        TX3_Buffer
  X:02B4H         PUBLIC        TX4_Buffer
  D:0099H         PUBLIC        SBUF
  D:0087H         PUBLIC        PCON
  D:0098H         PUBLIC        SCON
  D:0089H         PUBLIC        TMOD
  D:0088H         PUBLIC        TCON
  C:3C64H         PUBLIC        _PrintString1
  C:3C77H         PUBLIC        _PrintString2
  C:3C8AH         PUBLIC        _PrintString3
  C:3C9DH         PUBLIC        _PrintString4
  D:00AFH         PUBLIC        IE2
  D:008EH         PUBLIC        AUXR
  C:3CF1H         PUBLIC        _TX1_write2buff
  C:3D00H         PUBLIC        _TX2_write2buff
  C:3D0FH         PUBLIC        _TX3_write2buff
  C:3D1EH         PUBLIC        _TX4_write2buff
  B:00A8H.3       PUBLIC        ET1
  D:008DH         PUBLIC        TH1
  D:00D6H         PUBLIC        T2H
  D:00D4H         PUBLIC        T3H
  D:00D2H         PUBLIC        T4H
  D:008BH         PUBLIC        TL1
  D:00D7H         PUBLIC        T2L
  D:00D5H         PUBLIC        T3L
  D:00D3H         PUBLIC        T4L
  B:0088H.6       PUBLIC        TR1
  D:00D1H         PUBLIC        T4T3M
  D:009BH         PUBLIC        S2BUF
  D:00ADH         PUBLIC        S3BUF
  B:0098H.4       PUBLIC        REN
BL51 BANKED LINKER/LOCATER V6.22.4.0                                                  08/29/2024  12:06:30  PAGE 30


  D:0085H         PUBLIC        S4BUF
  D:009AH         PUBLIC        S2CON
  D:00ACH         PUBLIC        S3CON
  D:0084H         PUBLIC        S4CON
  D:00D0H         PUBLIC        PSW
  C:0026H         PUBLIC        _putchar
  -------         PROC          _UART_CONFIGURATION
  X:03DBH         SYMBOL        UARTx
  X:03DCH         SYMBOL        COMx
  -------         DO            
  X:03DFH         SYMBOL        i
  X:03E1H         SYMBOL        j
  -------         ENDDO         
  C:0B24H         LINE#         47
  C:0B34H         LINE#         48
  C:0B34H         LINE#         58
  C:0B3BH         LINE#         59
  C:0B3BH         LINE#         60
  C:0B3FH         LINE#         61
  C:0B41H         LINE#         62
  C:0B43H         LINE#         63
  C:0B45H         LINE#         64
  C:0B47H         LINE#         66
  C:0B79H         LINE#         67
  C:0BACH         LINE#         69
  C:0BC2H         LINE#         70
  C:0BCFH         LINE#         71
  C:0BCFH         LINE#         72
  C:0BE6H         LINE#         73
  C:0C03H         LINE#         74
  C:0C25H         LINE#         75
  C:0C3BH         LINE#         76
  C:0C3BH         LINE#         77
  C:0C3DH         LINE#         78
  C:0C40H         LINE#         79
  C:0C43H         LINE#         80
  C:0C46H         LINE#         81
  C:0C49H         LINE#         82
  C:0C5EH         LINE#         83
  C:0C67H         LINE#         84
  C:0C69H         LINE#         85
  C:0C6CH         LINE#         86
  C:0C6FH         LINE#         87
  C:0C71H         LINE#         88
  C:0C73H         LINE#         89
  C:0C78H         LINE#         90
  C:0C78H         LINE#         91
  C:0C7BH         LINE#         92
  C:0C7EH         LINE#         93
  C:0C81H         LINE#         94
  C:0C84H         LINE#         95
  C:0C99H         LINE#         96
  C:0CA2H         LINE#         97
  C:0CA5H         LINE#         98
  C:0CA8H         LINE#         99
  C:0CAAH         LINE#         100
  C:0CADH         LINE#         101
BL51 BANKED LINKER/LOCATER V6.22.4.0                                                  08/29/2024  12:06:30  PAGE 31


  C:0CADH         LINE#         102
  C:0CBEH         LINE#         103
  C:0CBEH         LINE#         104
  C:0CCCH         LINE#         105
  C:0CCFH         LINE#         106
  C:0CD1H         LINE#         107
  C:0CD5H         LINE#         108
  C:0CD5H         LINE#         109
  C:0CE3H         LINE#         110
  C:0CE6H         LINE#         111
  C:0CE6H         LINE#         112
  C:0CFFH         LINE#         114
  C:0D02H         LINE#         115
  C:0D02H         LINE#         118
  C:0D0DH         LINE#         119
  C:0D0DH         LINE#         120
  C:0D11H         LINE#         121
  C:0D13H         LINE#         122
  C:0D15H         LINE#         123
  C:0D17H         LINE#         124
  C:0D19H         LINE#         126
  C:0D4BH         LINE#         127
  C:0D7EH         LINE#         129
  C:0D99H         LINE#         130
  C:0D99H         LINE#         131
  C:0DA2H         LINE#         132
  C:0DA5H         LINE#         133
  C:0DBCH         LINE#         134
  C:0DD9H         LINE#         135
  C:0DFBH         LINE#         136
  C:0DFEH         LINE#         137
  C:0E01H         LINE#         138
  C:0E04H         LINE#         139
  C:0E19H         LINE#         140
  C:0E22H         LINE#         141
  C:0E25H         LINE#         142
  C:0E28H         LINE#         143
  C:0E2AH         LINE#         144
  C:0E2DH         LINE#         145
  C:0E49H         LINE#         147
  C:0E4CH         LINE#         148
  C:0E4CH         LINE#         151
  C:0E57H         LINE#         152
  C:0E57H         LINE#         153
  C:0E5BH         LINE#         154
  C:0E5DH         LINE#         155
  C:0E5FH         LINE#         156
  C:0E61H         LINE#         157
  C:0E63H         LINE#         158
  C:0E95H         LINE#         159
  C:0EC8H         LINE#         161
  C:0EE3H         LINE#         162
  C:0EE3H         LINE#         163
  C:0EECH         LINE#         164
  C:0EEFH         LINE#         165
  C:0F06H         LINE#         166
  C:0F23H         LINE#         167
BL51 BANKED LINKER/LOCATER V6.22.4.0                                                  08/29/2024  12:06:30  PAGE 32


  C:0F45H         LINE#         168
  C:0F5BH         LINE#         169
  C:0F5BH         LINE#         170
  C:0F5EH         LINE#         171
  C:0F73H         LINE#         172
  C:0F7CH         LINE#         173
  C:0F7FH         LINE#         174
  C:0F82H         LINE#         175
  C:0F84H         LINE#         176
  C:0F89H         LINE#         177
  C:0F89H         LINE#         178
  C:0F8CH         LINE#         179
  C:0F8FH         LINE#         180
  C:0F92H         LINE#         181
  C:0F95H         LINE#         182
  C:0FAAH         LINE#         183
  C:0FB3H         LINE#         184
  C:0FB6H         LINE#         185
  C:0FB9H         LINE#         186
  C:0FBBH         LINE#         187
  C:0FBEH         LINE#         188
  C:0FBEH         LINE#         189
  C:0FC1H         LINE#         190
  C:0FDDH         LINE#         192
  C:0FE0H         LINE#         193
  C:0FE0H         LINE#         196
  C:0FEBH         LINE#         197
  C:0FEBH         LINE#         198
  C:0FEFH         LINE#         199
  C:0FF1H         LINE#         200
  C:0FF3H         LINE#         201
  C:0FF5H         LINE#         202
  C:0FF7H         LINE#         203
  C:1029H         LINE#         204
  C:105CH         LINE#         206
  C:1077H         LINE#         207
  C:1077H         LINE#         208
  C:1080H         LINE#         209
  C:1083H         LINE#         210
  C:109AH         LINE#         211
  C:10B7H         LINE#         212
  C:10D9H         LINE#         213
  C:10EFH         LINE#         214
  C:10EFH         LINE#         215
  C:10F2H         LINE#         216
  C:1107H         LINE#         217
  C:1110H         LINE#         218
  C:1113H         LINE#         219
  C:1116H         LINE#         220
  C:1118H         LINE#         221
  C:111DH         LINE#         222
  C:111DH         LINE#         223
  C:1120H         LINE#         224
  C:1123H         LINE#         225
  C:1126H         LINE#         226
  C:1129H         LINE#         227
  C:113EH         LINE#         228
BL51 BANKED LINKER/LOCATER V6.22.4.0                                                  08/29/2024  12:06:30  PAGE 33


  C:1147H         LINE#         229
  C:114AH         LINE#         230
  C:114DH         LINE#         231
  C:114FH         LINE#         232
  C:1152H         LINE#         233
  C:1152H         LINE#         234
  C:1155H         LINE#         235
  C:1171H         LINE#         237
  C:1174H         LINE#         238
  C:1174H         LINE#         240
  C:1176H         LINE#         241
  -------         ENDPROC       _UART_CONFIGURATION
  -------         PROC          _TX1_WRITE2BUFF
  D:0007H         SYMBOL        dat
  C:3CF1H         LINE#         247
  C:3CF1H         LINE#         248
  C:3CF1H         LINE#         260
  C:3CF3H         LINE#         261
  C:3CF9H         LINE#         262
  C:3CFFH         LINE#         264
  -------         ENDPROC       _TX1_WRITE2BUFF
  -------         PROC          _PRINTSTRING1
  D:0001H         SYMBOL        puts
  C:3C64H         LINE#         266
  C:3C64H         LINE#         267
  C:3C64H         LINE#         268
  C:3C76H         LINE#         269
  -------         ENDPROC       _PRINTSTRING1
  -------         PROC          _TX2_WRITE2BUFF
  D:0007H         SYMBOL        dat
  C:3D00H         LINE#         275
  C:3D00H         LINE#         276
  C:3D00H         LINE#         288
  C:3D02H         LINE#         289
  C:3D08H         LINE#         290
  C:3D0EH         LINE#         292
  -------         ENDPROC       _TX2_WRITE2BUFF
  -------         PROC          _PRINTSTRING2
  D:0001H         SYMBOL        puts
  C:3C77H         LINE#         294
  C:3C77H         LINE#         295
  C:3C77H         LINE#         296
  C:3C89H         LINE#         297
  -------         ENDPROC       _PRINTSTRING2
  -------         PROC          _TX3_WRITE2BUFF
  D:0007H         SYMBOL        dat
  C:3D0FH         LINE#         303
  C:3D0FH         LINE#         304
  C:3D0FH         LINE#         316
  C:3D11H         LINE#         317
  C:3D17H         LINE#         318
  C:3D1DH         LINE#         320
  -------         ENDPROC       _TX3_WRITE2BUFF
  -------         PROC          _PRINTSTRING3
  D:0001H         SYMBOL        puts
  C:3C8AH         LINE#         322
  C:3C8AH         LINE#         323
BL51 BANKED LINKER/LOCATER V6.22.4.0                                                  08/29/2024  12:06:30  PAGE 34


  C:3C8AH         LINE#         324
  C:3C9CH         LINE#         325
  -------         ENDPROC       _PRINTSTRING3
  -------         PROC          _TX4_WRITE2BUFF
[...]
  C:252EH         LINE#         323
  C:2541H         LINE#         324
  C:254EH         LINE#         325
  C:2550H         LINE#         327
  C:2550H         LINE#         328
  C:2563H         LINE#         329
  C:2576H         LINE#         330
  C:2589H         LINE#         331
  C:259CH         LINE#         332
  C:259CH         LINE#         333
  C:259CH         LINE#         334
  -------         ENDPROC       _UPDATEPWM
  -------         ENDMOD        STC8H_PWM

  -------         MODULE        ?RTX51_TINY_KERNAL
  C:3CE1H         SEGMENT       ?RTX?TASKENT?S
  I:0045H         SEGMENT       ?RTX?TASKSP?S
  I:000EH         SEGMENT       ?RTX?TASKSTATE?S
  B:0026H.6       SEGMENT       ?RTX?BITS
  C:1A0CH         SEGMENT       ?RTX?CODE
  C:1A5BH         PUBLIC        ?RTX?SET_ISR
  D:000CH         PUBLIC        ?RTX_CURRENTTASK
  D:0007H         PUBLIC        ?RTX_NEXTID
  C:1A9EH         PUBLIC        ?RTX_NEXTTASK
  N:00FFH         PUBLIC        ?RTX_RAMTOP
  C:3CE1H         PUBLIC        ?RTX_TASKENTRY
  C:1B7DH         PUBLIC        ?RTX_TASKIDX
  I:0045H         PUBLIC        ?RTX_TASKSP
  I:000EH         PUBLIC        ?RTX_TASKSTATUS
  C:1B41H         PUBLIC        MAIN
  C:1A87H         PUBLIC        OS_SWITCH_TASK
  C:1A90H         SYMBOL        ?C0001
  C:1A9AH         SYMBOL        ?C0003
  C:1A9FH         SYMBOL        ?C0005
  C:1AB9H         SYMBOL        ?C0007
  C:1ABBH         SYMBOL        ?C0009
  C:1AC5H         SYMBOL        ?C0011
  C:1AF2H         SYMBOL        ?C0012
  C:1AD8H         SYMBOL        ?C0013
  C:1ADDH         SYMBOL        ?C0015
  C:1AE8H         SYMBOL        ?C0016
  N:0000H         SYMBOL        ?RTX51_TINY_KERNAL
  N:D8F0H         SYMBOL        ?RTX_CLOCK
  N:0008H         SYMBOL        ?RTX_REGISTERBANK
  D:000DH         SYMBOL        ?RTX_ROBINTIME
  D:000AH         SYMBOL        ?RTX_SAVEACC
  D:000BH         SYMBOL        ?RTX_SAVEPSW
  C:1A0CH         SYMBOL        ?RTX_STACKERROR
  C:1A5FH         SYMBOL        ?RTX_TASKSWITCHING
  B:0026H.6       SYMBOL        ?RTX_TS_DELAY
BL51 BANKED LINKER/LOCATER V6.22.4.0                                                  08/29/2024  12:06:30  PAGE 51


  D:00E0H         SYMBOL        ACC
  D:00F0H         SYMBOL        B
  N:0005H         SYMBOL        B_ACTIVE
  N:0007H         SYMBOL        B_IVL
  N:0007H         SYMBOL        B_RDY
  N:0004H         SYMBOL        B_READY
  N:0006H         SYMBOL        B_ROBIN
  N:0002H         SYMBOL        B_SIGNAL
  N:0003H         SYMBOL        B_TIMEOUT
  N:0000H         SYMBOL        B_WAITSIG
  N:0001H         SYMBOL        B_WAITTIM
  C:1A5CH         SYMBOL        CHECKROBINTIME
  C:1A36H         SYMBOL        CHECKSTACK
  N:0000H         SYMBOL        CODE_BANKING
  N:0000H         SYMBOL        CPU_IDLE_CODE
  D:0083H         SYMBOL        DPH
  D:0082H         SYMBOL        DPL
  B:00A8H.7       SYMBOL        EA
  B:00A8H.4       SYMBOL        ES
  B:00A8H.1       SYMBOL        ET0
  B:00A8H.3       SYMBOL        ET1
  B:00A8H.0       SYMBOL        EX0
  B:00A8H.2       SYMBOL        EX1
  N:0014H         SYMBOL        FREE_STACK
  C:1A10H         SYMBOL        HW_TIMER
  D:00A8H         SYMBOL        IE
  B:0088H.1       SYMBOL        IE0
  B:0088H.3       SYMBOL        IE1
  N:2710H         SYMBOL        INT_CLOCK
  N:0001H         SYMBOL        INT_REGBANK
  B:0088H.0       SYMBOL        IT0
  B:0088H.2       SYMBOL        IT1
  N:0020H         SYMBOL        K_ACTIVE
  N:0080H         SYMBOL        K_IVL
  N:0080H         SYMBOL        K_RDY
  N:0010H         SYMBOL        K_READY
  N:0040H         SYMBOL        K_ROBIN
  N:0001H         SYMBOL        K_SIG
  N:0002H         SYMBOL        K_TMO
  N:0000H         SYMBOL        LONG_USR_INTR
  C:1B4AH         SYMBOL        MAIN1
  C:1B54H         SYMBOL        MAIN1X
  C:1B4FH         SYMBOL        MAIN2
  C:1B15H         SYMBOL        NOEVENT
  C:1A5BH         SYMBOL        NOROBINTIMEOUT
  C:1A52H         SYMBOL        NOTIMEOUT
  C:1A50H         SYMBOL        NOWAITTIMEOUT
  C:1A87H         SYMBOL        OS_SWITCH_TASK1
  D:0087H         SYMBOL        PCON
  D:00D0H         SYMBOL        PSW
  N:00FFH         SYMBOL        RAMTOP
  N:0080H         SYMBOL        RDY_EVENT
  C:1B21H         SYMBOL        ROBINON
  C:1B09H         SYMBOL        SIGNALOFF
  C:1B15H         SYMBOL        SIGNALON
  N:0004H         SYMBOL        SIG_EVENT
  D:0081H         SYMBOL        SP
BL51 BANKED LINKER/LOCATER V6.22.4.0                                                  08/29/2024  12:06:30  PAGE 52


  I:000FH         SYMBOL        TASKSTATE
  D:0088H         SYMBOL        TCON
  B:0088H.5       SYMBOL        TF0
  B:0088H.7       SYMBOL        TF1
  D:008CH         SYMBOL        TH0
  D:008DH         SYMBOL        TH1
  C:1B11H         SYMBOL        TIMEOUTON
  C:1A11H         SYMBOL        TIMERINT
  C:1A42H         SYMBOL        TIMERLOOP
  I:000EH         SYMBOL        TIMERVAL
  N:0005H         SYMBOL        TIMESHARING
  D:008AH         SYMBOL        TL0
  D:008BH         SYMBOL        TL1
  D:0089H         SYMBOL        TMOD
  N:0008H         SYMBOL        TMO_EVENT
  B:0088H.4       SYMBOL        TR0
  B:0088H.6       SYMBOL        TR1
  C:000BH         LINE#         271
  C:1A0CH         LINE#         279
  C:1A0EH         LINE#         279
  C:1A10H         LINE#         282
  C:1A11H         LINE#         299
  C:1A14H         LINE#         301
  C:1A17H         LINE#         302
  C:1A1AH         LINE#         303
  C:1A1CH         LINE#         305
  C:1A1EH         LINE#         306
  C:1A20H         LINE#         307
  C:1A22H         LINE#         308
  C:1A24H         LINE#         309
  C:1A26H         LINE#         310
  C:1A28H         LINE#         311
  C:1A2AH         LINE#         312
  C:1A2CH         LINE#         316
  C:1A2DH         LINE#         317
  C:1A2FH         LINE#         318
  C:1A30H         LINE#         319
  C:1A31H         LINE#         320
  C:1A34H         LINE#         321
  C:1A36H         LINE#         322
  C:1A37H         LINE#         323
  C:1A39H         LINE#         324
  C:1A3CH         LINE#         325
  C:1A3EH         LINE#         329
  C:1A40H         LINE#         330
  C:1A42H         LINE#         331
  C:1A43H         LINE#         332
  C:1A44H         LINE#         333
  C:1A45H         LINE#         334
  C:1A47H         LINE#         335
  C:1A49H         LINE#         336
  C:1A4AH         LINE#         337
  C:1A4DH         LINE#         338
  C:1A4FH         LINE#         339
  C:1A50H         LINE#         340
  C:1A52H         LINE#         341
  C:1A53H         LINE#         342
BL51 BANKED LINKER/LOCATER V6.22.4.0                                                  08/29/2024  12:06:30  PAGE 53


  C:1A55H         LINE#         344
  C:1A56H         LINE#         345
  C:1A58H         LINE#         360
  C:1A5BH         LINE#         366
  C:1A5CH         LINE#         367
  C:1A5FH         LINE#         370
  C:1A61H         LINE#         371
  C:1A63H         LINE#         372
  C:1A65H         LINE#         373
  C:1A67H         LINE#         374
  C:1A69H         LINE#         375
  C:1A6BH         LINE#         376
  C:1A6DH         LINE#         377
  C:1A6FH         LINE#         378
  C:1A71H         LINE#         379
  C:1A73H         LINE#         380
  C:1A75H         LINE#         381
  C:1A77H         LINE#         382
  C:1A79H         LINE#         387
  C:1A7BH         LINE#         388
  C:1A7CH         LINE#         389
  C:1A7EH         LINE#         390
  C:1A7FH         LINE#         391
  C:1A81H         LINE#         392
  C:1A83H         LINE#         393
  C:1A84H         LINE#         394
  C:1A85H         LINE#         395
  C:1A87H         LINE#         424
  C:1A89H         LINE#         426
  C:1A8BH         LINE#         427
  C:1A8CH         LINE#         429
  C:1A8DH         LINE#         430
  C:1A8FH         LINE#         431
  C:1A90H         LINE#         434
  C:1A91H         LINE#         435
  C:1A92H         LINE#         436
  C:1A93H         LINE#         444
  C:1A96H         LINE#         445
  C:1A98H         LINE#         446
  C:1A9AH         LINE#         449
  C:1A9BH         LINE#         450
  C:1A9EH         LINE#         458
  C:1A9FH         LINE#         462
  C:1AA1H         LINE#         463
  C:1AA2H         LINE#         464
  C:1AA3H         LINE#         465
  C:1AA5H         LINE#         468
  C:1AA7H         LINE#         470
  C:1AA9H         LINE#         471
  C:1AABH         LINE#         472
  C:1AACH         LINE#         473
  C:1AADH         LINE#         474
  C:1AAEH         LINE#         476
  C:1AB0H         LINE#         478
  C:1AB1H         LINE#         479
  C:1AB2H         LINE#         480
  C:1AB4H         LINE#         481
BL51 BANKED LINKER/LOCATER V6.22.4.0                                                  08/29/2024  12:06:30  PAGE 54


  C:1AB7H         LINE#         482
  C:1AB9H         LINE#         484
  C:1ABAH         LINE#         485
  C:1ABBH         LINE#         490
  C:1ABCH         LINE#         491
  C:1ABDH         LINE#         492
  C:1ABFH         LINE#         496
  C:1AC0H         LINE#         497
  C:1AC1H         LINE#         498
  C:1AC3H         LINE#         499
  C:1AC5H         LINE#         505
  C:1AC7H         LINE#         506
  C:1AC8H         LINE#         507
  C:1AC9H         LINE#         508
  C:1ACBH         LINE#         510
  C:1ACDH         LINE#         511
  C:1ACFH         LINE#         512
  C:1AD0H         LINE#         513
  C:1AD1H         LINE#         516
  C:1AD3H         LINE#         517
  C:1AD6H         LINE#         518
  C:1AD8H         LINE#         520
  C:1AD9H         LINE#         522
  C:1ADAH         LINE#         523
  C:1ADBH         LINE#         524
  C:1ADCH         LINE#         525
  C:1ADDH         LINE#         529
  C:1ADFH         LINE#         530
  C:1AE0H         LINE#         531
  C:1AE2H         LINE#         535
  C:1AE4H         LINE#         536
  C:1AE5H         LINE#         537
  C:1AE6H         LINE#         539
  C:1AE8H         LINE#         543
  C:1AEAH         LINE#         544
  C:1AECH         LINE#         545
  C:1AEDH         LINE#         546
  C:1AEEH         LINE#         548
  C:1AF0H         LINE#         549
  C:1AF2H         LINE#         555
  C:1AF5H         LINE#         559
  C:1AF7H         LINE#         560
  C:1AF8H         LINE#         561
  C:1AFAH         LINE#         562
  C:1AFBH         LINE#         563
  C:1AFDH         LINE#         564
  C:1AFFH         LINE#         565
  C:1B00H         LINE#         567
  C:1B03H         LINE#         571
  C:1B06H         LINE#         572
  C:1B09H         LINE#         576
  C:1B0BH         LINE#         577
  C:1B0EH         LINE#         578
  C:1B11H         LINE#         580
  C:1B13H         LINE#         581
  C:1B15H         LINE#         583
  C:1B17H         LINE#         584
BL51 BANKED LINKER/LOCATER V6.22.4.0                                                  08/29/2024  12:06:30  PAGE 55


  C:1B18H         LINE#         585
  C:1B1AH         LINE#         587
  C:1B1CH         LINE#         588
  C:1B1EH         LINE#         594
  C:1B20H         LINE#         595
  C:1B21H         LINE#         608
  C:1B22H         LINE#         609
  C:1B24H         LINE#         614
  C:1B26H         LINE#         615
  C:1B28H         LINE#         616
  C:1B2AH         LINE#         617
  C:1B2CH         LINE#         618
  C:1B2EH         LINE#         619
  C:1B30H         LINE#         620
  C:1B32H         LINE#         621
  C:1B34H         LINE#         622
  C:1B36H         LINE#         623
  C:1B38H         LINE#         624
  C:1B3AH         LINE#         625
  C:1B3CH         LINE#         626
  C:1B3EH         LINE#         627
  C:1B40H         LINE#         628
  C:1B41H         LINE#         642
  C:1B43H         LINE#         643
  C:1B45H         LINE#         644
  C:1B47H         LINE#         645
  C:1B49H         LINE#         646
  C:1B4AH         LINE#         647
  C:1B4BH         LINE#         648
  C:1B4DH         LINE#         649
  C:1B4FH         LINE#         650
  C:1B51H         LINE#         651
  C:1B52H         LINE#         652
  C:1B54H         LINE#         653
  C:1B55H         LINE#         654
  C:1B56H         LINE#         655
  C:1B57H         LINE#         656
  C:1B58H         LINE#         657
  C:1B5AH         LINE#         658
  C:1B5CH         LINE#         659
  C:1B5EH         LINE#         660
  C:1B61H         LINE#         661
  C:1B63H         LINE#         662
  C:1B64H         LINE#         663
  C:1B66H         LINE#         664
  C:1B67H         LINE#         665
  C:1B68H         LINE#         666
  C:1B6AH         LINE#         668
  C:1B6DH         LINE#         670
  C:1B70H         LINE#         671
  C:1B73H         LINE#         672
  C:1B76H         LINE#         673
  C:1B78H         LINE#         674
  C:1B7AH         LINE#         675
  C:1B7CH         LINE#         676
  -------         ENDMOD        ?RTX51_TINY_KERNAL

BL51 BANKED LINKER/LOCATER V6.22.4.0                                                  08/29/2024  12:06:30  PAGE 56


  -------         MODULE        ?C?FPADD
  C:009DH         PUBLIC        ?C?FPADD
  C:0099H         PUBLIC        ?C?FPSUB
  -------         ENDMOD        ?C?FPADD

  -------         MODULE        ?C?FPMUL
  C:018EH         PUBLIC        ?C?FPMUL
  -------         ENDMOD        ?C?FPMUL

  -------         MODULE        ?C?FPDIV
  C:0297H         PUBLIC        ?C?FPDIV
  -------         ENDMOD        ?C?FPDIV

  -------         MODULE        ?C?FPCMP
  C:0336H         PUBLIC        ?C?FPCMP
  C:0334H         PUBLIC        ?C?FPCMP3
  -------         ENDMOD        ?C?FPCMP

  -------         MODULE        ?C?FPNEG
  C:03ADH         PUBLIC        ?C?FPNEG
  -------         ENDMOD        ?C?FPNEG

  -------         MODULE        ?C?FCAST
  C:03C8H         PUBLIC        ?C?FCASTC
  C:03C3H         PUBLIC        ?C?FCASTI
  C:03BEH         PUBLIC        ?C?FCASTL
  -------         ENDMOD        ?C?FCAST

  -------         MODULE        ?C?CASTF
  C:03FCH         PUBLIC        ?C?CASTF
  -------         ENDMOD        ?C?CASTF

  -------         MODULE        PRINTF
  X:0415H         PUBLIC        ?_PRINTF?BYTE
  X:0415H         PUBLIC        ?_SPRINTF?BYTE
  C:11E2H         PUBLIC        _PRINTF
  C:11DCH         PUBLIC        _SPRINTF
  -------         ENDMOD        PRINTF

  -------         MODULE        ?C?FPROUND
  C:047DH         PUBLIC        ?C?FPROUND
  -------         ENDMOD        ?C?FPROUND

  -------         MODULE        ?C?FPCONVERT
  C:04BAH         PUBLIC        ?C?FPCONVERT
  -------         ENDMOD        ?C?FPCONVERT

  -------         MODULE        ?C?FTNPWR
  C:05EFH         PUBLIC        ?C?FTNPWR
  -------         ENDMOD        ?C?FTNPWR

  -------         MODULE        ?C?COPY
  C:06FFH         PUBLIC        ?C?COPY
  -------         ENDMOD        ?C?COPY

  -------         MODULE        ?C?CLDPTR
  C:0725H         PUBLIC        ?C?CLDPTR
BL51 BANKED LINKER/LOCATER V6.22.4.0                                                  08/29/2024  12:06:30  PAGE 57


  -------         ENDMOD        ?C?CLDPTR

  -------         MODULE        ?C?CLDOPTR
  C:073EH         PUBLIC        ?C?CLDOPTR
  -------         ENDMOD        ?C?CLDOPTR

  -------         MODULE        ?C?CSTPTR
  C:076BH         PUBLIC        ?C?CSTPTR
  -------         ENDMOD        ?C?CSTPTR

  -------         MODULE        ?C?CSTOPTR
  C:077DH         PUBLIC        ?C?CSTOPTR
  -------         ENDMOD        ?C?CSTOPTR

  -------         MODULE        ?C?IMUL
  C:079FH         PUBLIC        ?C?IMUL
  -------         ENDMOD        ?C?IMUL

  -------         MODULE        ?C?SIDIV
  C:07B1H         PUBLIC        ?C?SIDIV
  -------         ENDMOD        ?C?SIDIV

  -------         MODULE        ?C?ILDPTR
  C:07E7H         PUBLIC        ?C?ILDPTR
  -------         ENDMOD        ?C?ILDPTR

  -------         MODULE        ?C?ILDOPTR
  C:0812H         PUBLIC        ?C?ILDOPTR
  -------         ENDMOD        ?C?ILDOPTR

  -------         MODULE        ?C?ULDIV
  C:0886H         PUBLIC        ?C?ULDIV
  -------         ENDMOD        ?C?ULDIV

  -------         MODULE        ?C?SLDIV
  C:0046H         PUBLIC        ?C?SLDIV
  -------         ENDMOD        ?C?SLDIV

  -------         MODULE        ?C?LNEG
  C:0918H         PUBLIC        ?C?LNEG
  -------         ENDMOD        ?C?LNEG

  -------         MODULE        ?C?ULCMP
  C:0926H         PUBLIC        ?C?ULCMP
  -------         ENDMOD        ?C?ULCMP

  -------         MODULE        ?C?ULSHR
  C:0937H         PUBLIC        ?C?ULSHR
  -------         ENDMOD        ?C?ULSHR

  -------         MODULE        ?C?LLDPTR
  C:094AH         PUBLIC        ?C?LLDPTR
  -------         ENDMOD        ?C?LLDPTR

  -------         MODULE        ?C?LSTPTR
  C:096AH         PUBLIC        ?C?LSTPTR
  -------         ENDMOD        ?C?LSTPTR
BL51 BANKED LINKER/LOCATER V6.22.4.0                                                  08/29/2024  12:06:30  PAGE 58



  -------         MODULE        ?C?LLDOPTR0
  C:0984H         PUBLIC        ?C?LLDOPTR0
  -------         ENDMOD        ?C?LLDOPTR0

  -------         MODULE        ?C?LSTXDATA
  C:09B4H         PUBLIC        ?C?LSTXDATA
  -------         ENDMOD        ?C?LSTXDATA

  -------         MODULE        ?C?LSTKXDATA
  C:09C0H         PUBLIC        ?C?LSTKXDATA
  -------         ENDMOD        ?C?LSTKXDATA

  -------         MODULE        ?C?PLDIXDATA
  C:09F1H         PUBLIC        ?C?PLDIXDATA
  -------         ENDMOD        ?C?PLDIXDATA

  -------         MODULE        ?C?PSTXDATA
  C:0A08H         PUBLIC        ?C?PSTXDATA
  -------         ENDMOD        ?C?PSTXDATA

  -------         MODULE        ?C?CCASE
  C:0A11H         PUBLIC        ?C?CCASE
  -------         ENDMOD        ?C?CCASE

  -------         MODULE        STRNCMP
  X:02D6H         PUBLIC        ?_strncmp?BYTE
  C:2C45H         PUBLIC        _strncmp
  -------         ENDMOD        STRNCMP

  -------         MODULE        ?C?UIDIV
  C:0A37H         PUBLIC        ?C?UIDIV
  -------         ENDMOD        ?C?UIDIV

  -------         MODULE        ?C?IILDX
  C:0A8CH         PUBLIC        ?C?IILDX
  -------         ENDMOD        ?C?IILDX

  -------         MODULE        ?C?LLDIDATA
  C:0AA2H         PUBLIC        ?C?LLDIDATA
  -------         ENDMOD        ?C?LLDIDATA

  -------         MODULE        ?C?LLDXDATA
  C:0AAEH         PUBLIC        ?C?LLDXDATA
  -------         ENDMOD        ?C?LLDXDATA

  -------         MODULE        ?C?LLDPDATA
  C:0ABAH         PUBLIC        ?C?LLDPDATA
  -------         ENDMOD        ?C?LLDPDATA

  -------         MODULE        ?C?LLDCODE
  C:0AC6H         PUBLIC        ?C?LLDCODE
  -------         ENDMOD        ?C?LLDCODE

  -------         MODULE        ?C?LLDIDATA0
  C:0AD6H         PUBLIC        ?C?LLDIDATA0
  -------         ENDMOD        ?C?LLDIDATA0
BL51 BANKED LINKER/LOCATER V6.22.4.0                                                  08/29/2024  12:06:30  PAGE 59



  -------         MODULE        ?C?LLDXDATA0
  C:0AE3H         PUBLIC        ?C?LLDXDATA0
  -------         ENDMOD        ?C?LLDXDATA0

  -------         MODULE        ?C?LLDPDATA0
  C:0AEFH         PUBLIC        ?C?LLDPDATA0
  -------         ENDMOD        ?C?LLDPDATA0

  -------         MODULE        ?C?LLDCODE0
  C:0AFCH         PUBLIC        ?C?LLDCODE0
  -------         ENDMOD        ?C?LLDCODE0

  -------         MODULE        ?C?LSTIDATA
  C:0B0CH         PUBLIC        ?C?LSTIDATA
  -------         ENDMOD        ?C?LSTIDATA

  -------         MODULE        ?C?LSTPDATA
  C:0B18H         PUBLIC        ?C?LSTPDATA
  -------         ENDMOD        ?C?LSTPDATA

Program Size: data=75.7 xdata=1246 code=15733
LINK/LOCATE RUN COMPLETE.  0 WARNING(S),  0 ERROR(S)
